BL51 BANKED LINKER/LOCATER V6.22                                                        12/28/2020  22:36:27  PAGE 1


BL51 BANKED LINKER/LOCATER V6.22, INVOKED BY:
D:\PROGRAM FILES SSD\KEIL5\C51\BIN\BL51.EXE main.obj, value.obj, shake.obj, operation.obj, IR.obj, delay.obj, mp3Order.o
>> bj, GpuUI.obj, gpuOrder.obj, Uart.obj, LED.obj TO mp3 RAMSIZE (256)


MEMORY MODEL: LARGE WITH FLOATING POINT ARITHMETIC


INPUT MODULES INCLUDED:
  main.obj (MAIN)
  value.obj (VALUE)
  shake.obj (SHAKE)
  operation.obj (OPERATION)
  IR.obj (IR)
  delay.obj (DELAY)
  mp3Order.obj (MP3ORDER)
  GpuUI.obj (GPUUI)
  gpuOrder.obj (GPUORDER)
  Uart.obj (UART)
  LED.obj (LED)
  D:\PROGRAM FILES SSD\KEIL5\C51\LIB\C51FPL.LIB (?C?FPADD)
  D:\PROGRAM FILES SSD\KEIL5\C51\LIB\C51FPL.LIB (?C?FPMUL)
  D:\PROGRAM FILES SSD\KEIL5\C51\LIB\C51FPL.LIB (?C?FPDIV)
  D:\PROGRAM FILES SSD\KEIL5\C51\LIB\C51FPL.LIB (?C?FCAST)
  D:\PROGRAM FILES SSD\KEIL5\C51\LIB\C51FPL.LIB (?C?CASTF)
  D:\PROGRAM FILES SSD\KEIL5\C51\LIB\C51FPL.LIB (?C?FPGETOPN)
  D:\PROGRAM FILES SSD\KEIL5\C51\LIB\C51L.LIB (?C_STARTUP)
  D:\PROGRAM FILES SSD\KEIL5\C51\LIB\C51L.LIB (?C?COPY)
  D:\PROGRAM FILES SSD\KEIL5\C51\LIB\C51L.LIB (?C?CLDPTR)
  D:\PROGRAM FILES SSD\KEIL5\C51\LIB\C51L.LIB (?C?IMUL)
  D:\PROGRAM FILES SSD\KEIL5\C51\LIB\C51L.LIB (?C?UIDIV)
  D:\PROGRAM FILES SSD\KEIL5\C51\LIB\C51L.LIB (?C?LNEG)
  D:\PROGRAM FILES SSD\KEIL5\C51\LIB\C51L.LIB (?C?CCASE)
  D:\PROGRAM FILES SSD\KEIL5\C51\LIB\C51L.LIB (?C_INIT)


LINK MAP OF MODULE:  mp3 (MAIN)


            TYPE    BASE      LENGTH    RELOCATION   SEGMENT NAME
            -----------------------------------------------------

            * * * * * * *   D A T A   M E M O R Y   * * * * * * *
            REG     0000H     0008H     ABSOLUTE     "REG BANK 0"
                    0008H     0010H                  *** GAP ***
            REG     0018H     0008H     ABSOLUTE     "REG BANK 3"
            BIT     0020H.0   0000H.2   UNIT         ?BI?IR
            BIT     0020H.2   0000H.1   UNIT         ?BI?LED
                    0020H.3   0000H.5                *** GAP ***
            IDATA   0021H     0001H     UNIT         ?STACK

            * * * * * * *  X D A T A   M E M O R Y  * * * * * * *
            XDATA   0000H     0147H     UNIT         ?XD?GPUORDER
            XDATA   0147H     00D3H     UNIT         ?XD?VALUE
            XDATA   021AH     004FH     UNIT         _XDATA_GROUP_
            XDATA   0269H     0029H     UNIT         ?XD?IR
            XDATA   0292H     0017H     UNIT         ?XD?LED

BL51 BANKED LINKER/LOCATER V6.22                                                      12/28/2020  22:36:27  PAGE 2


            * * * * * * *   C O D E   M E M O R Y   * * * * * * *
            CODE    0000H     0003H     ABSOLUTE     
            CODE    0003H     0003H     ABSOLUTE     
            CODE    0006H     0005H     UNIT         ?PR?SHAKE_INIT?SHAKE
            CODE    000BH     0003H     ABSOLUTE     
            CODE    000EH     0004H     UNIT         ?PR?WAITGPUDONE?DELAY
                    0012H     0001H                  *** GAP ***
            CODE    0013H     0003H     ABSOLUTE     
            CODE    0016H     000DH     UNIT         ?PR?_GPUORDER_MENUMAINSELECT?OPERATION
            CODE    0023H     0003H     ABSOLUTE     
            CODE    0026H     0015H     UNIT         ?PR?_DELAY?IR
            CODE    003BH     0003H     ABSOLUTE     
            CODE    003EH     0D1BH     UNIT         ?PR?_PROCESSKEY_IR?GPUUI
            CODE    0D59H     0507H     UNIT         ?C?LIB_CODE
            CODE    1260H     02EAH     UNIT         ?C_INITSEG
            CODE    154AH     028FH     UNIT         ?PR?GPUORDER_MENUCONFIGREPAINT?OPERATION
            CODE    17D9H     025DH     UNIT         ?CO?GPUORDER
            CODE    1A36H     020DH     UNIT         ?PR?MAIN_TIME?LED
            CODE    1C43H     013AH     UNIT         ?PR?SHINING?LED
            CODE    1D7DH     00E8H     UNIT         ?PR?GPUSTR_SETCRRSEC?GPUORDER
            CODE    1E65H     00D5H     UNIT         ?PR?KEYSCAN?OPERATION
            CODE    1F3AH     00D1H     UNIT         ?PR?IR_WORK?IR
            CODE    200BH     00BEH     UNIT         ?CO?MP3ORDER
            CODE    20C9H     00AEH     UNIT         ?PR?_GPUORDER_PLAYAREAREPAINT?OPERATION
            CODE    2177H     0097H     UNIT         ?PR?INIT_PWM?LED
            CODE    220EH     008CH     UNIT         ?PR?EX0_ISR?IR
            CODE    229AH     008CH     UNIT         ?C_C51STARTUP
            CODE    2326H     006DH     UNIT         ?PR?GPUOEDER_MENUICONREPAINT?OPERATION
            CODE    2393H     006DH     UNIT         ?PR?GPUSTR_SETTOTALSEC?GPUORDER
            CODE    2400H     0069H     UNIT         ?PR?GPUSTR_SETSORTANDNAME?GPUORDER
            CODE    2469H     0059H     UNIT         ?PR?REACHENDPROCESS?OPERATION
            CODE    24C2H     0057H     UNIT         ?PR?UPDATE_SONGSNAME?OPERATION
            CODE    2519H     0053H     UNIT         ?PR?MAIN?MAIN
            CODE    256CH     0053H     UNIT         ?PR?_GPUSTR_CONFIGSELECT?GPUORDER
            CODE    25BFH     0051H     UNIT         ?PR?BREATH?LED
            CODE    2610H     004FH     UNIT         ?PR?IRCORDPRO?IR
            CODE    265FH     004DH     UNIT         ?PR?INITALL?OPERATION
            CODE    26ACH     004BH     UNIT         ?PR?_GPUSTR_SONGNUMREPAINT?GPUORDER
            CODE    26F7H     0045H     UNIT         ?PR?GROUPTODEC?OPERATION
            CODE    273CH     0041H     UNIT         ?PR?_SEEK_SETTING_INFO?OPERATION
            CODE    277DH     0041H     UNIT         ?PR?UART_RX?UART
            CODE    27BEH     0039H     UNIT         ?PR?_GPUSTR_MENUSELECTSONGSORT?GPUORDER
            CODE    27F7H     0037H     UNIT         ?PR?_ACSIITOCHAR?OPERATION
            CODE    282EH     0037H     UNIT         ?PR?_SAVE_SETTING_INFO?OPERATION
            CODE    2865H     0037H     UNIT         ?PR?GPUSTR_SETVOICE?GPUORDER
            CODE    289CH     002CH     UNIT         ?PR?SHAKEINTERRUPT?SHAKE
            CODE    28C8H     002BH     UNIT         ?PR?_PLAYSONGN?MP3ORDER
            CODE    28F3H     002BH     UNIT         ?PR?_SETVOICEN?MP3ORDER
            CODE    291EH     002BH     UNIT         ?PR?_SETMODEN?MP3ORDER
            CODE    2949H     002BH     UNIT         ?PR?_GPUSTR_MENUPLAYSELECT?GPUORDER
            CODE    2974H     0029H     UNIT         ?PR?_GPUSTR_SELECTSELECT?GPUORDER
            CODE    299DH     0029H     UNIT         ?PR?_GPUSTR_MODESELECT?GPUORDER
            CODE    29C6H     0027H     UNIT         ?PR?_GPUSTR_MENUSELECT?GPUORDER
            CODE    29EDH     0023H     UNIT         ?PR?PLAYENDNEEDREPAINT?OPERATION
            CODE    2A10H     0020H     UNIT         ?PR?SHAKEPROCESS?OPERATION
            CODE    2A30H     001DH     UNIT         ?PR?_DELAYSEND?DELAY
            CODE    2A4DH     0017H     UNIT         ?PR?TIME0?IR
BL51 BANKED LINKER/LOCATER V6.22                                                      12/28/2020  22:36:27  PAGE 3


            CODE    2A64H     0017H     UNIT         ?PR?_GPUSTR_MAINICONSHOW?GPUORDER
            CODE    2A7BH     0016H     UNIT         ?CO?OPERATION
            CODE    2A91H     0014H     UNIT         ?PR?UART_INIT?UART
            CODE    2AA5H     0014H     UNIT         ?PR?_SENDORDER?UART
            CODE    2AB9H     0013H     UNIT         ?PR?_UART2_SENDORDER?UART
            CODE    2ACCH     0011H     UNIT         ?PR?IRINIT?IR
            CODE    2ADDH     0010H     UNIT         ?PR?_UPDATE_SETTING_INFO?OPERATION
            CODE    2AEDH     0010H     UNIT         ?PR?UART2_INIT?UART
            CODE    2AFDH     000FH     UNIT         ?PR?DELAY20MS?DELAY
            CODE    2B0CH     000BH     UNIT         ?PR?_PLAYSONGSORT?OPERATION
            CODE    2B17H     000BH     UNIT         ?PR?_SETSONGVOICE?OPERATION
            CODE    2B22H     000BH     UNIT         ?PR?_SETPLAYMODE?OPERATION
            CODE    2B2DH     000BH     UNIT         ?PR?_UART2_SENDASC?UART
            CODE    2B38H     0009H     UNIT         ?PR?_GPUORDER_MENUPLAYSELECT?OPERATION
            CODE    2B41H     0009H     UNIT         ?PR?_GPUORDER_MENUMODESELECT?OPERATION
            CODE    2B4AH     0009H     UNIT         ?PR?_GPUORDER_MENUSELECTSELECT?OPERATION
            CODE    2B53H     0009H     UNIT         ?PR?_GPUORDER_SONGNUMREPAINT?OPERATION
            CODE    2B5CH     0009H     UNIT         ?PR?_GPUORDER_MENUSELECTSONGSORT?OPERATION
            CODE    2B65H     0008H     UNIT         ?PR?_MP3ORDER?OPERATION
            CODE    2B6DH     0008H     UNIT         ?PR?_SENDASC?UART
            CODE    2B75H     0006H     UNIT         ?PR?_GPUORDER?OPERATION
            CODE    2B7BH     0003H     UNIT         ?PR?_GPUORDER_NODELAY?OPERATION



OVERLAY MAP OF MODULE:   mp3 (MAIN)


SEGMENT                                            XDATA_GROUP
  +--> CALLED SEGMENT                            START    LENGTH
----------------------------------------------------------------
?PR?EX0_ISR?IR                                   -----    -----
  +--> ?PR?IRCORDPRO?IR

?PR?IRCORDPRO?IR                                 021AH    0001H
  +--> ?PR?IR_WORK?IR

?PR?IR_WORK?IR                                   -----    -----
  +--> ?PR?_DELAY?IR

*** NEW ROOT ***************************************************

?PR?MAIN_TIME?LED                                -----    -----
  +--> ?PR?BREATH?LED
  +--> ?PR?SHINING?LED

*** NEW ROOT ***************************************************

?C_C51STARTUP                                    -----    -----
  +--> ?PR?MAIN?MAIN
  +--> ?C_INITSEG

?PR?MAIN?MAIN                                    -----    -----
  +--> ?PR?INITALL?OPERATION
  +--> ?PR?KEYSCAN?OPERATION
  +--> ?PR?_PROCESSKEY_IR?GPUUI
  +--> ?PR?SHAKEPROCESS?OPERATION
BL51 BANKED LINKER/LOCATER V6.22                                                      12/28/2020  22:36:27  PAGE 4


  +--> ?PR?_GPUORDER_PLAYAREAREPAINT?OPERATION
  +--> ?PR?REACHENDPROCESS?OPERATION

?PR?INITALL?OPERATION                            -----    -----
  +--> ?PR?SHAKE_INIT?SHAKE
  +--> ?PR?UART_INIT?UART
  +--> ?PR?UART2_INIT?UART
  +--> ?PR?IRINIT?IR
  +--> ?PR?INIT_PWM?LED
  +--> ?PR?_DELAYSEND?DELAY
  +--> ?PR?_GPUORDER?OPERATION
  +--> ?PR?_GPUORDER_MENUMAINSELECT?OPERATION
  +--> ?PR?GPUOEDER_MENUICONREPAINT?OPERATION
  +--> ?PR?_SETPLAYMODE?OPERATION

?PR?_GPUORDER?OPERATION                          -----    -----
  +--> ?PR?_UART2_SENDORDER?UART
  +--> ?PR?WAITGPUDONE?DELAY

?PR?_UART2_SENDORDER?UART                        -----    -----
  +--> ?PR?_UART2_SENDASC?UART

?PR?_GPUORDER_MENUMAINSELECT?OPERATION           -----    -----
  +--> ?PR?_GPUSTR_MENUSELECT?GPUORDER
  +--> ?PR?_UART2_SENDORDER?UART
  +--> ?PR?WAITGPUDONE?DELAY

?PR?_GPUSTR_MENUSELECT?GPUORDER                  021CH    0013H
  +--> ?CO?GPUORDER

?PR?GPUOEDER_MENUICONREPAINT?OPERATION           -----    -----
  +--> ?PR?_GPUSTR_MAINICONSHOW?GPUORDER
  +--> ?PR?_GPUORDER_NODELAY?OPERATION
  +--> ?PR?_GPUORDER?OPERATION

?PR?_GPUORDER_NODELAY?OPERATION                  -----    -----
  +--> ?PR?_UART2_SENDORDER?UART

?PR?_SETPLAYMODE?OPERATION                       -----    -----
  +--> ?PR?_SETMODEN?MP3ORDER
  +--> ?PR?_SENDORDER?UART
  +--> ?PR?_DELAYSEND?DELAY

?PR?_SETMODEN?MP3ORDER                           021CH    0008H
  +--> ?CO?MP3ORDER

?PR?_SENDORDER?UART                              -----    -----
  +--> ?PR?_SENDASC?UART

?PR?KEYSCAN?OPERATION                            -----    -----
  +--> ?PR?DELAY20MS?DELAY

?PR?_PROCESSKEY_IR?GPUUI                         021BH    0001H
  +--> ?PR?_GPUORDER?OPERATION
  +--> ?PR?_GPUORDER_MENUPLAYSELECT?OPERATION
  +--> ?PR?_UPDATE_SETTING_INFO?OPERATION
  +--> ?PR?_GPUORDER_PLAYAREAREPAINT?OPERATION
BL51 BANKED LINKER/LOCATER V6.22                                                      12/28/2020  22:36:27  PAGE 5


  +--> ?PR?UPDATE_SONGSNAME?OPERATION
  +--> ?PR?_GPUORDER_MENUSELECTSELECT?OPERATION
  +--> ?PR?_GPUORDER_MENUSELECTSONGSORT?OPER...
  +--> ?PR?_GPUORDER_SONGNUMREPAINT?OPERATION
  +--> ?PR?GPUOEDER_MENUICONREPAINT?OPERATION
  +--> ?PR?_GPUORDER_MENUMAINSELECT?OPERATION
  +--> ?CO?MP3ORDER
  +--> ?PR?PLAYENDNEEDREPAINT?OPERATION
  +--> ?PR?_MP3ORDER?OPERATION
  +--> ?PR?_SETSONGVOICE?OPERATION
  +--> ?PR?_GPUORDER_MENUMODESELECT?OPERATION
  +--> ?PR?_SETPLAYMODE?OPERATION
  +--> ?PR?GPUORDER_MENUCONFIGREPAINT?OPERATION
  +--> ?PR?_PLAYSONGSORT?OPERATION

?PR?_GPUORDER_MENUPLAYSELECT?OPERATION           -----    -----
  +--> ?PR?_GPUSTR_MENUPLAYSELECT?GPUORDER
  +--> ?PR?_UART2_SENDORDER?UART
  +--> ?PR?WAITGPUDONE?DELAY

?PR?_UPDATE_SETTING_INFO?OPERATION               021CH    0001H
  +--> ?PR?_SEEK_SETTING_INFO?OPERATION
  +--> ?PR?_SAVE_SETTING_INFO?OPERATION

?PR?_SEEK_SETTING_INFO?OPERATION                 -----    -----
  +--> ?CO?MP3ORDER
  +--> ?PR?_SENDORDER?UART
  +--> ?PR?_DELAYSEND?DELAY

?PR?_SAVE_SETTING_INFO?OPERATION                 -----    -----
  +--> ?PR?GROUPTODEC?OPERATION

?PR?GROUPTODEC?OPERATION                         -----    -----
  +--> ?PR?_ACSIITOCHAR?OPERATION

?PR?_GPUORDER_PLAYAREAREPAINT?OPERATION          -----    -----
  +--> ?PR?GPUSTR_SETVOICE?GPUORDER
  +--> ?CO?OPERATION
  +--> ?PR?_UPDATE_SETTING_INFO?OPERATION
  +--> ?CO?MP3ORDER
  +--> ?PR?_MP3ORDER?OPERATION
  +--> ?PR?GPUSTR_SETSORTANDNAME?GPUORDER
  +--> ?PR?GPUSTR_SETTOTALSEC?GPUORDER
  +--> ?PR?GPUSTR_SETCRRSEC?GPUORDER
  +--> ?PR?_GPUORDER?OPERATION
  +--> ?PR?UPDATE_SONGSNAME?OPERATION

?PR?_MP3ORDER?OPERATION                          -----    -----
  +--> ?PR?_SENDORDER?UART
  +--> ?PR?_DELAYSEND?DELAY

?PR?UPDATE_SONGSNAME?OPERATION                   -----    -----
  +--> ?CO?MP3ORDER
  +--> ?PR?_SENDORDER?UART
  +--> ?PR?_DELAYSEND?DELAY

?PR?_GPUORDER_MENUSELECTSELECT?OPERATION         -----    -----
BL51 BANKED LINKER/LOCATER V6.22                                                      12/28/2020  22:36:27  PAGE 6


  +--> ?PR?_GPUSTR_SELECTSELECT?GPUORDER
  +--> ?PR?_UART2_SENDORDER?UART
  +--> ?PR?WAITGPUDONE?DELAY

?PR?_GPUSTR_SELECTSELECT?GPUORDER                021CH    0014H
  +--> ?CO?GPUORDER

?PR?_GPUORDER_MENUSELECTSONGSORT?OPER...         -----    -----
  +--> ?PR?_GPUSTR_MENUSELECTSONGSORT?GPUORDER
  +--> ?PR?_UART2_SENDORDER?UART
  +--> ?PR?WAITGPUDONE?DELAY

?PR?_GPUSTR_MENUSELECTSONGSORT?GPUORDER          021CH    0019H
  +--> ?CO?GPUORDER

?PR?_GPUORDER_SONGNUMREPAINT?OPERATION           -----    -----
  +--> ?PR?_GPUSTR_SONGNUMREPAINT?GPUORDER
  +--> ?PR?_UART2_SENDORDER?UART
  +--> ?PR?WAITGPUDONE?DELAY

?PR?_GPUSTR_SONGNUMREPAINT?GPUORDER              021CH    001BH
  +--> ?CO?GPUORDER

?PR?PLAYENDNEEDREPAINT?OPERATION                 -----    -----
  +--> ?CO?MP3ORDER
  +--> ?PR?_MP3ORDER?OPERATION
  +--> ?PR?_GPUORDER_MENUPLAYSELECT?OPERATION
  +--> ?PR?_GPUORDER_PLAYAREAREPAINT?OPERATION

?PR?_SETSONGVOICE?OPERATION                      -----    -----
  +--> ?PR?_SETVOICEN?MP3ORDER
  +--> ?PR?_SENDORDER?UART
  +--> ?PR?_DELAYSEND?DELAY

?PR?_SETVOICEN?MP3ORDER                          021CH    0008H
  +--> ?CO?MP3ORDER

?PR?_GPUORDER_MENUMODESELECT?OPERATION           -----    -----
  +--> ?PR?_GPUSTR_MODESELECT?GPUORDER
  +--> ?PR?_UART2_SENDORDER?UART
  +--> ?PR?WAITGPUDONE?DELAY

?PR?_GPUSTR_MODESELECT?GPUORDER                  021CH    0012H
  +--> ?CO?GPUORDER

?PR?GPUORDER_MENUCONFIGREPAINT?OPERATION         -----    -----
  +--> ?PR?_GPUSTR_CONFIGSELECT?GPUORDER
  +--> ?PR?_UART2_SENDORDER?UART
  +--> ?PR?WAITGPUDONE?DELAY

?PR?_GPUSTR_CONFIGSELECT?GPUORDER                021CH    004DH
  +--> ?CO?GPUORDER

?PR?_PLAYSONGSORT?OPERATION                      -----    -----
  +--> ?PR?_PLAYSONGN?MP3ORDER
  +--> ?PR?_SENDORDER?UART
  +--> ?PR?_DELAYSEND?DELAY
BL51 BANKED LINKER/LOCATER V6.22                                                      12/28/2020  22:36:27  PAGE 7



?PR?_PLAYSONGN?MP3ORDER                          021CH    0009H
  +--> ?CO?MP3ORDER

?PR?SHAKEPROCESS?OPERATION                       -----    -----
  +--> ?CO?MP3ORDER
  +--> ?PR?_MP3ORDER?OPERATION
  +--> ?PR?_GPUORDER_PLAYAREAREPAINT?OPERATION

?PR?REACHENDPROCESS?OPERATION                    -----    -----
  +--> ?PR?_GPUORDER_MENUPLAYSELECT?OPERATION
  +--> ?PR?_GPUORDER_PLAYAREAREPAINT?OPERATION

?C_INITSEG                                       -----    -----
  +--> ?CO?GPUORDER



SYMBOL TABLE OF MODULE:  mp3 (MAIN)

  VALUE           TYPE          NAME
  ----------------------------------

  -------         MODULE        MAIN
  C:0000H         SYMBOL        _ICE_DUMMY_
  D:0080H         PUBLIC        P0
  D:0090H         PUBLIC        P1
  D:00A0H         PUBLIC        P2
  D:00B0H         PUBLIC        P3
  D:00C0H         PUBLIC        P4
  D:00C8H         PUBLIC        P5
  D:00A8H         PUBLIC        IE
  D:00B8H         PUBLIC        IP
  D:00D8H         PUBLIC        CCON
  C:2519H         PUBLIC        main
  D:0098H         PUBLIC        SCON
  D:0088H         PUBLIC        TCON
  D:00D0H         PUBLIC        PSW
  -------         PROC          MAIN
  C:2519H         LINE#         23
  C:2519H         LINE#         25
  C:251CH         LINE#         27
  C:251CH         LINE#         28
  C:251FH         LINE#         29
  C:2525H         LINE#         30
  C:2527H         LINE#         31
  C:252BH         LINE#         32
  C:252BH         LINE#         33
  C:2537H         LINE#         34
  C:253CH         LINE#         35
  C:2541H         LINE#         36
  C:2541H         LINE#         37
  C:2547H         LINE#         38
  C:2549H         LINE#         39
  C:254CH         LINE#         40
  C:254CH         LINE#         41
  C:2558H         LINE#         42
BL51 BANKED LINKER/LOCATER V6.22                                                      12/28/2020  22:36:27  PAGE 8


  C:255AH         LINE#         43
  C:255FH         LINE#         44
  C:255FH         LINE#         45
  C:2565H         LINE#         46
  C:2567H         LINE#         47
  C:256AH         LINE#         48
  C:256AH         LINE#         49
  -------         ENDPROC       MAIN
  -------         ENDMOD        MAIN

  -------         MODULE        VALUE
  C:0000H         SYMBOL        _ICE_DUMMY_
  D:0080H         PUBLIC        P0
  D:0090H         PUBLIC        P1
  D:00A0H         PUBLIC        P2
  D:00B0H         PUBLIC        P3
  D:00C0H         PUBLIC        P4
  D:00C8H         PUBLIC        P5
  X:0147H         PUBLIC        Key_Option
  X:0148H         PUBLIC        v_songs_total
  X:0149H         PUBLIC        v_song_volume
  D:00A8H         PUBLIC        IE
  X:014AH         PUBLIC        select2_SelectMenu
  X:014BH         PUBLIC        v_song_name
  D:00B8H         PUBLIC        IP
  X:0154H         PUBLIC        currentTimePaint
  X:0155H         PUBLIC        IRProcessOK
  X:0156H         PUBLIC        hasShaken
  X:0157H         PUBLIC        canShake
  X:0158H         PUBLIC        IRDone
  D:00D8H         PUBLIC        CCON
  X:0159H         PUBLIC        currentSecPaint
  X:015AH         PUBLIC        KeyProcessOK
  X:015BH         PUBLIC        v_timeSec_total
  X:015DH         PUBLIC        shakeNext
  X:015EH         PUBLIC        tempVoice
  D:0098H         PUBLIC        SCON
  D:0088H         PUBLIC        TCON
  X:015FH         PUBLIC        select2
  X:0160H         PUBLIC        select3
  X:0161H         PUBLIC        select3_ConfMenu
  X:0162H         PUBLIC        v_silence
  X:0163H         PUBLIC        ledMode
  X:0164H         PUBLIC        menuMode
  X:0165H         PUBLIC        playMode
  X:0166H         PUBLIC        v_Crrsort
  X:0167H         PUBLIC        RsPoint
  X:0168H         PUBLIC        keyDone
  X:0169H         PUBLIC        select4_modeMenu
  X:016AH         PUBLIC        select6_mainMenu
  X:016BH         PUBLIC        v_timeSec_now
  X:016DH         PUBLIC        RsBuf
  X:0203H         PUBLIC        songSort
  X:0204H         PUBLIC        playReachEnd1
  X:0205H         PUBLIC        playReachEnd2
  X:0206H         PUBLIC        select8_playMenu
  X:0207H         PUBLIC        v_IR
BL51 BANKED LINKER/LOCATER V6.22                                                      12/28/2020  22:36:27  PAGE 9


  X:0208H         PUBLIC        v_SK
  X:0209H         PUBLIC        v_PP
  X:020AH         PUBLIC        IR_Option
  X:020BH         PUBLIC        pwmVal
  D:00D0H         PUBLIC        PSW
  -------         ENDMOD        VALUE

  -------         MODULE        SHAKE
  C:0000H         SYMBOL        _ICE_DUMMY_
  D:0080H         PUBLIC        P0
  D:0090H         PUBLIC        P1
  D:00A0H         PUBLIC        P2
  D:00B0H         PUBLIC        P3
  D:00C0H         PUBLIC        P4
  D:00C8H         PUBLIC        P5
  C:0006H         PUBLIC        shake_Init
  D:00A8H         PUBLIC        IE
  D:00B8H         PUBLIC        IP
  D:00D8H         PUBLIC        CCON
  D:0098H         PUBLIC        SCON
  D:0088H         PUBLIC        TCON
  C:289CH         PUBLIC        ShakeInterrupt
  B:00B0H.3       PUBLIC        IN0
  B:0088H.2       PUBLIC        IT1
  B:00A8H.2       PUBLIC        EX1
  D:00D0H         PUBLIC        PSW
  -------         PROC          SHAKEINTERRUPT
  C:289CH         LINE#         9
  C:28A2H         LINE#         10
  C:28A8H         LINE#         12
  C:28B1H         LINE#         13
  C:28B7H         LINE#         14
  C:28BCH         LINE#         15
  C:28C1H         LINE#         16
  C:28C1H         LINE#         18
  -------         ENDPROC       SHAKEINTERRUPT
  -------         PROC          SHAKE_INIT
  C:0006H         LINE#         19
  C:0006H         LINE#         20
  C:0008H         LINE#         21
  C:000AH         LINE#         22
  -------         ENDPROC       SHAKE_INIT
  -------         ENDMOD        SHAKE

  -------         MODULE        OPERATION
  C:0000H         SYMBOL        _ICE_DUMMY_
  D:0093H         PUBLIC        P0M1
  D:0080H         PUBLIC        P0
  D:0090H         PUBLIC        P1
  D:00A0H         PUBLIC        P2
  C:26F7H         PUBLIC        groupToDec
  D:00B0H         PUBLIC        P3
  C:2469H         PUBLIC        reachEndProcess
  D:00C0H         PUBLIC        P4
  D:00C8H         PUBLIC        P5
  B:00A8H.7       PUBLIC        EA
  D:00A8H         PUBLIC        IE
BL51 BANKED LINKER/LOCATER V6.22                                                      12/28/2020  22:36:27  PAGE 10


  C:2B4AH         PUBLIC        _GpuOrder_menuSelectSelect
  C:2ADDH         PUBLIC        _Update_Setting_Info
  D:00B8H         PUBLIC        IP
  D:00D8H         PUBLIC        CCON
  C:29EDH         PUBLIC        playEndNeedRepaint
  C:2B75H         PUBLIC        _GpuOrder
  C:265FH         PUBLIC        InitAll
  C:2B53H         PUBLIC        _GpuOrder_SongNumRepaint
  C:2B41H         PUBLIC        _GpuOrder_menuModeSelect
  C:0016H         PUBLIC        _GpuOrder_menuMainSelect
  B:00A0H.0       PUBLIC        P20
  B:00A0H.1       PUBLIC        P21
  D:0098H         PUBLIC        SCON
  B:00A0H.2       PUBLIC        P22
  D:0088H         PUBLIC        TCON
  B:00A0H.3       PUBLIC        P23
  B:00A0H.4       PUBLIC        P24
  B:00A0H.5       PUBLIC        P25
  B:00A0H.6       PUBLIC        P26
  B:00A0H.7       PUBLIC        P27
  C:273CH         PUBLIC        _Seek_Setting_Info
  C:2B7BH         PUBLIC        _GpuOrder_NoDelay
  C:2B38H         PUBLIC        _GpuOrder_menuPlaySelect
  C:282EH         PUBLIC        _Save_Setting_Info
  B:00A8H.2       PUBLIC        EX1
  C:2B65H         PUBLIC        _MP3Order
  C:27F7H         PUBLIC        _acsiiToChar
  C:1E65H         PUBLIC        keyScan
  C:2B17H         PUBLIC        _setSongVoice
  C:2B22H         PUBLIC        _setPlayMode
  C:2B5CH         PUBLIC        _GpuOrder_menuSelectSongSort
  C:2A10H         PUBLIC        shakeProcess
  C:154AH         PUBLIC        GpuOrder_menuConfigRepaint
  C:24C2H         PUBLIC        Update_songsName
  C:20C9H         PUBLIC        _GpuOrder_PlayAreaRepaint
  D:00D0H         PUBLIC        PSW
  C:2326H         PUBLIC        GpuOeder_MenuIconRepaint
  C:2B0CH         PUBLIC        _playSongSort
  D:0094H         PUBLIC        P0M0
  -------         PROC          INITALL
  C:265FH         LINE#         17
  C:265FH         LINE#         18
  C:2664H         LINE#         19
  C:2667H         LINE#         20
  C:266AH         LINE#         21
  C:266DH         LINE#         22
  C:2670H         LINE#         23
  C:2673H         LINE#         24
  C:2676H         LINE#         26
  C:2678H         LINE#         27
  C:267DH         LINE#         28
  C:2682H         LINE#         29
  C:2687H         LINE#         31
  C:268DH         LINE#         32
  C:269BH         LINE#         33
  C:26A4H         LINE#         34
  C:26A7H         LINE#         36
BL51 BANKED LINKER/LOCATER V6.22                                                      12/28/2020  22:36:27  PAGE 11


  -------         ENDPROC       INITALL
  -------         PROC          KEYSCAN
  C:1E65H         LINE#         41
  C:1E65H         LINE#         42
  C:1E68H         LINE#         43
  C:1E6BH         LINE#         44
  C:1E6EH         LINE#         45
  C:1E74H         LINE#         46
  C:1E78H         LINE#         47
  C:1E83H         LINE#         49
  C:1E86H         LINE#         50
  C:1E89H         LINE#         51
  C:1E8FH         LINE#         52
  C:1E94H         LINE#         53
  C:1E9FH         LINE#         55
  C:1EA2H         LINE#         56
  C:1EA5H         LINE#         57
  C:1EABH         LINE#         58
  C:1EB1H         LINE#         59
  C:1EBCH         LINE#         61
  C:1EBFH         LINE#         62
  C:1EC2H         LINE#         63
  C:1EC8H         LINE#         64
  C:1ECEH         LINE#         65
  C:1ED6H         LINE#         67
  C:1ED9H         LINE#         68
  C:1EDCH         LINE#         69
  C:1EE2H         LINE#         70
  C:1EE8H         LINE#         71
  C:1EF0H         LINE#         73
  C:1EF3H         LINE#         74
  C:1EF6H         LINE#         75
  C:1EFCH         LINE#         76
  C:1F02H         LINE#         77
  C:1F0AH         LINE#         79
  C:1F0DH         LINE#         80
  C:1F10H         LINE#         81
  C:1F16H         LINE#         82
  C:1F1CH         LINE#         83
  C:1F24H         LINE#         85
  C:1F27H         LINE#         86
  C:1F2AH         LINE#         87
  C:1F30H         LINE#         88
  C:1F36H         LINE#         89
  C:1F39H         LINE#         90
  C:1F39H         LINE#         91
  -------         ENDPROC       KEYSCAN
  -------         PROC          PLAYENDNEEDREPAINT
  C:29EDH         LINE#         95
  C:29EDH         LINE#         96
  C:29F3H         LINE#         97
  C:29F3H         LINE#         98
  C:29F9H         LINE#         99
  C:2A0AH         LINE#         100
  C:2A0FH         LINE#         101
  C:2A0FH         LINE#         102
  C:2A0FH         LINE#         103
BL51 BANKED LINKER/LOCATER V6.22                                                      12/28/2020  22:36:27  PAGE 12


  C:2A0FH         LINE#         104
  C:2A0FH         LINE#         105
  C:2A0FH         LINE#         106
  C:2A0FH         LINE#         107
  C:2A0FH         LINE#         109
  C:2A0FH         LINE#         110
  -------         ENDPROC       PLAYENDNEEDREPAINT
  -------         PROC          _ACSIITOCHAR
  D:0007H         SYMBOL        ascii
  C:27F7H         LINE#         115
  C:27F7H         LINE#         116
  C:2803H         LINE#         117
  C:2809H         LINE#         118
  C:2815H         LINE#         119
  C:281AH         LINE#         120
  C:2826H         LINE#         121
  C:282BH         LINE#         122
  C:282DH         LINE#         123
  -------         ENDPROC       _ACSIITOCHAR
  -------         PROC          GROUPTODEC
  C:26F7H         LINE#         124
  C:26F7H         LINE#         125
  C:273BH         LINE#         126
  -------         ENDPROC       GROUPTODEC
  -------         PROC          _SAVE_SETTING_INFO
  D:0001H         SYMBOL        kind
  -------         DO            
  D:0006H         SYMBOL        decChar
  -------         ENDDO         
  C:282EH         LINE#         127
  C:2830H         LINE#         128
  C:2833H         LINE#         129
  C:2845H         LINE#         130
  C:2845H         LINE#         131
  C:284AH         LINE#         132
  C:284BH         LINE#         133
  C:284BH         LINE#         134
  C:2850H         LINE#         135
  C:2851H         LINE#         136
  C:2851H         LINE#         137
  C:2854H         LINE#         138
  C:2856H         LINE#         139
  C:2856H         LINE#         140
  C:285EH         LINE#         141
  C:285FH         LINE#         142
  C:285FH         LINE#         143
  C:2864H         LINE#         144
  C:2864H         LINE#         145
  C:2864H         LINE#         146
  -------         ENDPROC       _SAVE_SETTING_INFO
  -------         PROC          _SEEK_SETTING_INFO
  D:0007H         SYMBOL        kind
  C:273CH         LINE#         150
  C:273CH         LINE#         152
  C:274EH         LINE#         153
  C:274EH         LINE#         154
  C:2754H         LINE#         155
BL51 BANKED LINKER/LOCATER V6.22                                                      12/28/2020  22:36:27  PAGE 13


  C:2754H         LINE#         156
  C:2756H         LINE#         157
  C:2756H         LINE#         158
  C:275CH         LINE#         159
  C:275CH         LINE#         160
  C:275EH         LINE#         161
  C:275EH         LINE#         162
  C:2764H         LINE#         163
  C:2764H         LINE#         164
  C:2766H         LINE#         165
  C:2766H         LINE#         166
  C:276CH         LINE#         167
  C:276CH         LINE#         168
  C:276EH         LINE#         169
  C:276EH         LINE#         170
  C:2777H         LINE#         171
  C:277CH         LINE#         172
  C:277CH         LINE#         173
  C:277CH         LINE#         174
  -------         ENDPROC       _SEEK_SETTING_INFO
  -------         PROC          _UPDATE_SETTING_INFO
  X:021CH         SYMBOL        kind
  C:2ADDH         LINE#         178
  C:2AE2H         LINE#         180
  C:2AE5H         LINE#         181
  -------         ENDPROC       _UPDATE_SETTING_INFO
  -------         PROC          UPDATE_SONGSNAME
  C:24C2H         LINE#         183
  C:24C2H         LINE#         184
  C:24CBH         LINE#         185
  C:24D0H         LINE#         186
  C:24D8H         LINE#         187
  C:24E0H         LINE#         188
  C:24E8H         LINE#         189
  C:24F0H         LINE#         190
  C:24F8H         LINE#         191
  C:2500H         LINE#         192
  C:2508H         LINE#         193
  C:2510H         LINE#         194
  C:2518H         LINE#         195
  -------         ENDPROC       UPDATE_SONGSNAME
  -------         PROC          _MP3ORDER
  D:0001H         SYMBOL        str
  C:2B65H         LINE#         199
  C:2B65H         LINE#         200
  C:2B68H         LINE#         201
  -------         ENDPROC       _MP3ORDER
  -------         PROC          _PLAYSONGSORT
  D:0007H         SYMBOL        sort
  C:2B0CH         LINE#         203
  C:2B0CH         LINE#         204
  C:2B12H         LINE#         205
  -------         ENDPROC       _PLAYSONGSORT
  -------         PROC          _SETSONGVOICE
  D:0007H         SYMBOL        sort
  C:2B17H         LINE#         207
  C:2B17H         LINE#         208
BL51 BANKED LINKER/LOCATER V6.22                                                      12/28/2020  22:36:27  PAGE 14


  C:2B1DH         LINE#         209
  -------         ENDPROC       _SETSONGVOICE
  -------         PROC          _SETPLAYMODE
  D:0007H         SYMBOL        sort
  C:2B22H         LINE#         211
  C:2B22H         LINE#         212
  C:2B28H         LINE#         213
  -------         ENDPROC       _SETPLAYMODE
  -------         PROC          _GPUORDER_NODELAY
  D:0001H         SYMBOL        str
  C:2B7BH         LINE#         218
  C:2B7BH         LINE#         219
  -------         ENDPROC       _GPUORDER_NODELAY
  -------         PROC          _GPUORDER
  D:0001H         SYMBOL        str
  C:2B75H         LINE#         221
  C:2B75H         LINE#         222
  C:2B78H         LINE#         223
  -------         ENDPROC       _GPUORDER
  -------         PROC          _GPUORDER_MENUMAINSELECT
  D:0007H         SYMBOL        sort
  C:0016H         LINE#         225
  C:0016H         LINE#         226
  C:0020H         LINE#         227
  -------         ENDPROC       _GPUORDER_MENUMAINSELECT
  -------         PROC          _GPUORDER_MENUPLAYSELECT
  D:0007H         SYMBOL        sort
  C:2B38H         LINE#         229
  C:2B38H         LINE#         230
  C:2B3EH         LINE#         231
  -------         ENDPROC       _GPUORDER_MENUPLAYSELECT
  -------         PROC          _GPUORDER_MENUMODESELECT
  D:0007H         SYMBOL        sort
  C:2B41H         LINE#         233
  C:2B41H         LINE#         234
  C:2B47H         LINE#         235
  -------         ENDPROC       _GPUORDER_MENUMODESELECT
  -------         PROC          _GPUORDER_MENUSELECTSELECT
  D:0007H         SYMBOL        sort
  C:2B4AH         LINE#         237
  C:2B4AH         LINE#         238
  C:2B50H         LINE#         239
  -------         ENDPROC       _GPUORDER_MENUSELECTSELECT
  -------         PROC          _GPUORDER_SONGNUMREPAINT
  D:0007H         SYMBOL        sort
  C:2B53H         LINE#         241
  C:2B53H         LINE#         242
  C:2B59H         LINE#         243
  -------         ENDPROC       _GPUORDER_SONGNUMREPAINT
  -------         PROC          _GPUORDER_MENUSELECTSONGSORT
  D:0007H         SYMBOL        sort
  C:2B5CH         LINE#         245
  C:2B5CH         LINE#         246
  C:2B62H         LINE#         247
  -------         ENDPROC       _GPUORDER_MENUSELECTSONGSORT
  -------         PROC          GPUORDER_MENUCONFIGREPAINT
  C:154AH         LINE#         249
BL51 BANKED LINKER/LOCATER V6.22                                                      12/28/2020  22:36:27  PAGE 15


  C:154AH         LINE#         251
  C:1553H         LINE#         252
  C:1559H         LINE#         253
  C:155FH         LINE#         254
  C:1565H         LINE#         255
  C:1569H         LINE#         256
  C:1570H         LINE#         257
  C:1576H         LINE#         258
  C:1581H         LINE#         259
  C:1585H         LINE#         260
  C:1587H         LINE#         261
  C:158DH         LINE#         262
  C:1591H         LINE#         263
  C:1598H         LINE#         264
  C:159CH         LINE#         265
  C:15A7H         LINE#         266
  C:15ABH         LINE#         267
  C:15ABH         LINE#         268
  C:15ADH         LINE#         269
  C:15B3H         LINE#         270
  C:15B9H         LINE#         271
  C:15BFH         LINE#         272
  C:15C6H         LINE#         273
  C:15CDH         LINE#         274
  C:15D8H         LINE#         275
  C:15DDH         LINE#         276
  C:15E0H         LINE#         277
  C:15E6H         LINE#         278
  C:15EFH         LINE#         279
  C:15F6H         LINE#         280
  C:15FFH         LINE#         281
  C:160AH         LINE#         282
  C:1610H         LINE#         283
  C:1610H         LINE#         284
  C:1610H         LINE#         285
  C:161EH         LINE#         286
  C:1624H         LINE#         287
  C:162AH         LINE#         288
  C:1630H         LINE#         289
  C:1639H         LINE#         290
  C:1640H         LINE#         291
  C:1649H         LINE#         292
  C:1654H         LINE#         293
  C:165AH         LINE#         294
  C:165DH         LINE#         295
  C:1663H         LINE#         296
  C:166CH         LINE#         297
  C:1673H         LINE#         298
  C:167CH         LINE#         299
  C:1687H         LINE#         300
  C:168DH         LINE#         301
  C:168DH         LINE#         302
  C:1690H         LINE#         303
  C:1696H         LINE#         304
  C:169CH         LINE#         305
  C:16A5H         LINE#         306
  C:16ACH         LINE#         307
BL51 BANKED LINKER/LOCATER V6.22                                                      12/28/2020  22:36:27  PAGE 16


  C:16B5H         LINE#         308
  C:16C0H         LINE#         309
  C:16C6H         LINE#         310
  C:16C9H         LINE#         311
  C:16CFH         LINE#         312
  C:16D8H         LINE#         313
  C:16DFH         LINE#         314
  C:16E8H         LINE#         315
  C:16F3H         LINE#         316
  C:16F9H         LINE#         317
  C:16F9H         LINE#         318
  C:16F9H         LINE#         319
  C:1707H         LINE#         320
  C:170DH         LINE#         321
  C:1713H         LINE#         322
  C:1719H         LINE#         323
  C:1722H         LINE#         324
  C:1729H         LINE#         325
  C:1732H         LINE#         326
  C:173DH         LINE#         327
  C:1743H         LINE#         328
  C:1746H         LINE#         329
  C:174CH         LINE#         330
  C:1754H         LINE#         331
  C:175BH         LINE#         332
  C:1763H         LINE#         333
  C:176BH         LINE#         334
  C:1771H         LINE#         335
  C:1771H         LINE#         336
  C:1773H         LINE#         337
  C:1779H         LINE#         338
  C:177FH         LINE#         339
  C:1787H         LINE#         340
  C:178EH         LINE#         341
  C:1796H         LINE#         342
  C:179EH         LINE#         343
  C:17A4H         LINE#         344
  C:17A6H         LINE#         345
  C:17ACH         LINE#         346
  C:17B4H         LINE#         347
  C:17BBH         LINE#         348
  C:17C3H         LINE#         349
  C:17CAH         LINE#         350
  C:17D6H         LINE#         351
  C:17D6H         LINE#         352
  C:17D6H         LINE#         353
  C:17D6H         LINE#         358
  -------         ENDPROC       GPUORDER_MENUCONFIGREPAINT
  -------         PROC          _GPUORDER_PLAYAREAREPAINT
  D:0007H         SYMBOL        sort
  C:20C9H         LINE#         360
  C:20C9H         LINE#         361
  C:20F4H         LINE#         362
  C:20F4H         LINE#         363
  C:20F7H         LINE#         364
  C:20F9H         LINE#         365
  C:20F9H         LINE#         366
BL51 BANKED LINKER/LOCATER V6.22                                                      12/28/2020  22:36:27  PAGE 17


  C:2101H         LINE#         367
  C:2107H         LINE#         369
  C:210BH         LINE#         370
  C:210DH         LINE#         371
  C:210DH         LINE#         372
  C:2116H         LINE#         373
  C:2117H         LINE#         374
  C:211CH         LINE#         375
  C:2122H         LINE#         377
  C:2124H         LINE#         378
  C:2127H         LINE#         379
  C:212CH         LINE#         380
  C:2135H         LINE#         382
  C:2135H         LINE#         383
  C:2135H         LINE#         384
  C:2135H         LINE#         385
  C:2138H         LINE#         386
  C:213AH         LINE#         387
  C:213AH         LINE#         388
  C:213DH         LINE#         389
  C:213FH         LINE#         390
  C:213FH         LINE#         391
  C:2145H         LINE#         392
  C:2145H         LINE#         393
  C:2145H         LINE#         394
  C:214CH         LINE#         395
  C:2151H         LINE#         396
  C:2154H         LINE#         397
  C:2159H         LINE#         398
  C:215EH         LINE#         400
  C:2163H         LINE#         401
  C:2168H         LINE#         403
  C:216DH         LINE#         404
  C:216FH         LINE#         409
  C:2171H         LINE#         410
  C:2171H         LINE#         411
  C:2176H         LINE#         412
  C:2176H         LINE#         414
  C:2176H         LINE#         415
  -------         ENDPROC       _GPUORDER_PLAYAREAREPAINT
  -------         PROC          GPUOEDER_MENUICONREPAINT
  C:2326H         LINE#         416
  C:2326H         LINE#         417
  C:232CH         LINE#         418
  C:233DH         LINE#         419
  C:233DH         LINE#         420
  C:233FH         LINE#         421
  C:233FH         LINE#         422
  C:2341H         LINE#         423
  C:2341H         LINE#         424
  C:2343H         LINE#         425
  C:2343H         LINE#         426
  C:2345H         LINE#         427
  C:2345H         LINE#         428
  C:2347H         LINE#         429
  C:2347H         LINE#         430
  C:2349H         LINE#         431
BL51 BANKED LINKER/LOCATER V6.22                                                      12/28/2020  22:36:27  PAGE 18


  C:2349H         LINE#         432
  C:234BH         LINE#         433
  C:234BH         LINE#         434
  C:234DH         LINE#         435
  C:234DH         LINE#         436
  C:234DH         LINE#         437
  C:235EH         LINE#         438
  C:235EH         LINE#         439
  C:2366H         LINE#         440
  C:2368H         LINE#         441
  C:236AH         LINE#         442
  C:236AH         LINE#         443
  C:2372H         LINE#         444
  C:2374H         LINE#         445
  C:2376H         LINE#         446
  C:2376H         LINE#         447
  C:237EH         LINE#         448
  C:2380H         LINE#         449
  C:2382H         LINE#         450
  C:2382H         LINE#         451
  C:238AH         LINE#         452
  C:2392H         LINE#         453
  C:2392H         LINE#         454
  C:2392H         LINE#         455
  C:2392H         LINE#         456
  -------         ENDPROC       GPUOEDER_MENUICONREPAINT
  -------         PROC          SHAKEPROCESS
  C:2A10H         LINE#         457
  C:2A10H         LINE#         458
  C:2A12H         LINE#         459
  C:2A19H         LINE#         460
  C:2A1FH         LINE#         461
  C:2A28H         LINE#         462
  C:2A2DH         LINE#         463
  C:2A2DH         LINE#         464
  C:2A2FH         LINE#         465
  -------         ENDPROC       SHAKEPROCESS
  -------         PROC          REACHENDPROCESS
  C:2469H         LINE#         467
  C:2469H         LINE#         468
  C:246FH         LINE#         469
  C:2476H         LINE#         470
  C:247CH         LINE#         471
  C:2481H         LINE#         472
  C:2489H         LINE#         473
  C:248EH         LINE#         474
  C:2490H         LINE#         475
  C:2492H         LINE#         476
  C:2497H         LINE#         477
  C:249CH         LINE#         478
  C:249CH         LINE#         479
  C:24AFH         LINE#         480
  C:24B5H         LINE#         481
  C:24BCH         LINE#         482
  C:24C1H         LINE#         483
  C:24C1H         LINE#         484
  -------         ENDPROC       REACHENDPROCESS
BL51 BANKED LINKER/LOCATER V6.22                                                      12/28/2020  22:36:27  PAGE 19


  -------         ENDMOD        OPERATION

  -------         MODULE        IR
  C:0000H         SYMBOL        _ICE_DUMMY_
  D:0080H         PUBLIC        P0
  D:0090H         PUBLIC        P1
  D:00A0H         PUBLIC        P2
  D:00B0H         PUBLIC        P3
  D:00C0H         PUBLIC        P4
  D:00C8H         PUBLIC        P5
  X:026AH         PUBLIC        irtime
  D:00A8H         PUBLIC        IE
  C:0026H         PUBLIC        _delay
  D:00B8H         PUBLIC        IP
  C:220EH         PUBLIC        EX0_ISR
  X:026BH         PUBLIC        i7
  D:00D8H         PUBLIC        CCON
  C:2ACCH         PUBLIC        IRInit
  D:0098H         PUBLIC        SCON
  D:0089H         PUBLIC        TMOD
  D:0088H         PUBLIC        TCON
  B:0020H.1       PUBLIC        irok
  C:2610H         PUBLIC        Ircordpro
  X:026DH         PUBLIC        IRcord
  B:00A8H.1       PUBLIC        ET0
  D:008CH         PUBLIC        TH0
  B:0088H.0       PUBLIC        IT0
  B:00A8H.0       PUBLIC        EX0
  D:008AH         PUBLIC        TL0
  B:0088H.4       PUBLIC        TR0
  C:2A4DH         PUBLIC        time0
  C:1F3AH         PUBLIC        Ir_work
  X:0271H         PUBLIC        irdata
  D:00D0H         PUBLIC        PSW
  -------         PROC          IR_WORK
  C:1F3AH         LINE#         17
  C:1F3AH         LINE#         18
  C:1F3AH         LINE#         19
  C:1F78H         LINE#         20
  C:1F80H         LINE#         21
  C:1F88H         LINE#         22
  C:1F90H         LINE#         23
  C:1F98H         LINE#         24
  C:1FA0H         LINE#         25
  C:1FA8H         LINE#         26
  C:1FB0H         LINE#         27
  C:1FB8H         LINE#         28
  C:1FC0H         LINE#         29
  C:1FC8H         LINE#         30
  C:1FD0H         LINE#         31
  C:1FD8H         LINE#         32
  C:1FDFH         LINE#         33
  C:1FE7H         LINE#         34
  C:1FEFH         LINE#         35
  C:1FF7H         LINE#         36
  C:1FFDH         LINE#         37
  C:1FFDH         LINE#         38
BL51 BANKED LINKER/LOCATER V6.22                                                      12/28/2020  22:36:27  PAGE 20


  C:1FFDH         LINE#         39
  C:2004H         LINE#         40
  C:200AH         LINE#         41
  -------         ENDPROC       IR_WORK
  -------         PROC          IRCORDPRO
  -------         DO            
  D:0006H         SYMBOL        i
  D:0005H         SYMBOL        j
  D:0003H         SYMBOL        k
  D:0004H         SYMBOL        cord
  X:021AH         SYMBOL        value
  -------         ENDDO         
  C:2610H         LINE#         42
  C:2610H         LINE#         43
  C:2610H         LINE#         45
  C:2612H         LINE#         46
  C:2614H         LINE#         47
  C:2616H         LINE#         48
  C:2622H         LINE#         49
  C:2627H         LINE#         50
  C:262EH         LINE#         51
  C:2634H         LINE#         52
  C:263BH         LINE#         53
  C:263BH         LINE#         54
  C:263CH         LINE#         55
  C:2641H         LINE#         56
  C:2652H         LINE#         57
  C:2657H         LINE#         58
  C:265CH         LINE#         59
  -------         ENDPROC       IRCORDPRO
  -------         PROC          _DELAY
  D:0006H         SYMBOL        z
  -------         DO            
  D:0005H         SYMBOL        i
  D:0004H         SYMBOL        j
  -------         ENDDO         
  C:0026H         LINE#         62
  C:0026H         LINE#         63
  C:0026H         LINE#         65
  C:002AH         LINE#         66
  C:0034H         LINE#         67
  C:0034H         LINE#         68
  C:0036H         LINE#         69
  C:0038H         LINE#         70
  C:003AH         LINE#         71
  -------         ENDPROC       _DELAY
  -------         PROC          IRINIT
  C:2ACCH         LINE#         74
  C:2ACCH         LINE#         76
  C:2ACEH         LINE#         77
  C:2AD0H         LINE#         79
  C:2AD3H         LINE#         80
  C:2AD8H         LINE#         81
  C:2ADAH         LINE#         82
  C:2ADCH         LINE#         84
  -------         ENDPROC       IRINIT
  -------         PROC          EX0_ISR
BL51 BANKED LINKER/LOCATER V6.22                                                      12/28/2020  22:36:27  PAGE 21


  -------         DO            
  X:0269H         SYMBOL        i
  B:0020H.0       SYMBOL        startflag
  -------         ENDDO         
  C:220EH         LINE#         85
  C:222BH         LINE#         89
  C:2231H         LINE#         91
  C:2237H         LINE#         93
  C:223AH         LINE#         94
  C:224AH         LINE#         95
  C:224FH         LINE#         96
  C:224FH         LINE#         97
  C:225EH         LINE#         98
  C:2263H         LINE#         99
  C:2269H         LINE#         100
  C:226DH         LINE#         101
  C:2271H         LINE#         102
  C:2274H         LINE#         103
  C:2276H         LINE#         104
  C:2276H         LINE#         105
  C:2278H         LINE#         106
  C:227DH         LINE#         107
  C:227FH         LINE#         108
  C:227FH         LINE#         109
  -------         ENDPROC       EX0_ISR
  -------         PROC          TIME0
  C:2A4DH         LINE#         111
  C:2A53H         LINE#         113
  C:2A55H         LINE#         114
  C:2A5BH         LINE#         115
  C:2A5DH         LINE#         116
  -------         ENDPROC       TIME0
  -------         ENDMOD        IR

  -------         MODULE        DELAY
  C:0000H         SYMBOL        _ICE_DUMMY_
  C:2A30H         PUBLIC        _DelaySend
  D:0080H         PUBLIC        P0
  D:0090H         PUBLIC        P1
  D:00A0H         PUBLIC        P2
  D:00B0H         PUBLIC        P3
  D:00C0H         PUBLIC        P4
  D:00C8H         PUBLIC        P5
  D:00A8H         PUBLIC        IE
  D:00B8H         PUBLIC        IP
  D:00D8H         PUBLIC        CCON
  D:0098H         PUBLIC        SCON
  D:0088H         PUBLIC        TCON
  C:2AFDH         PUBLIC        Delay20ms
  B:0090H.1       PUBLIC        Usart_BUSY
  C:000EH         PUBLIC        WaitGpuDone
  D:00D0H         PUBLIC        PSW
  -------         PROC          _DELAYSEND
  D:0007H         SYMBOL        ifName
  -------         DO            
  D:0004H         SYMBOL        i
  D:0005H         SYMBOL        j
BL51 BANKED LINKER/LOCATER V6.22                                                      12/28/2020  22:36:27  PAGE 22


  D:0006H         SYMBOL        k
  -------         ENDDO         
  C:2A30H         LINE#         4
  C:2A30H         LINE#         6
  C:2A33H         LINE#         7
  C:2A35H         LINE#         8
  C:2A37H         LINE#         9
  C:2A39H         LINE#         11
  C:2A39H         LINE#         13
  C:2A39H         LINE#         14
  C:2A3BH         LINE#         15
  C:2A3DH         LINE#         16
  C:2A3FH         LINE#         17
  C:2A40H         LINE#         18
  C:2A42H         LINE#         19
  C:2A44H         LINE#         20
  C:2A46H         LINE#         22
  C:2A46H         LINE#         24
  C:2A46H         LINE#         25
  C:2A48H         LINE#         26
  C:2A4AH         LINE#         27
  C:2A4CH         LINE#         28
  C:2A4CH         LINE#         29
  -------         ENDPROC       _DELAYSEND
  -------         PROC          DELAY20MS
  -------         DO            
  D:0007H         SYMBOL        i
  D:0006H         SYMBOL        j
  D:0005H         SYMBOL        k
  -------         ENDDO         
  C:2AFDH         LINE#         30
  C:2AFDH         LINE#         32
  C:2AFEH         LINE#         33
  C:2AFFH         LINE#         34
  C:2B01H         LINE#         35
  C:2B03H         LINE#         36
  C:2B05H         LINE#         38
  C:2B05H         LINE#         40
  C:2B05H         LINE#         41
  C:2B07H         LINE#         42
  C:2B09H         LINE#         43
  C:2B0BH         LINE#         44
  -------         ENDPROC       DELAY20MS
  -------         PROC          WAITGPUDONE
  C:000EH         LINE#         45
  C:000EH         LINE#         46
  C:0011H         LINE#         47
  -------         ENDPROC       WAITGPUDONE
  -------         ENDMOD        DELAY

  -------         MODULE        MP3ORDER
  C:0000H         SYMBOL        _ICE_DUMMY_
  C:28C8H         PUBLIC        _PlaySongN
  C:291EH         PUBLIC        _SetModeN
  C:204DH         PUBLIC        tf_file_num
  C:2023H         PUBLIC        CH_Min
  C:201DH         PUBLIC        CH_Plus
BL51 BANKED LINKER/LOCATER V6.22                                                      12/28/2020  22:36:27  PAGE 23


  C:2011H         PUBLIC        pause
  C:2065H         PUBLIC        play_no1
  C:206DH         PUBLIC        play_no2
  C:2075H         PUBLIC        play_no3
  C:207DH         PUBLIC        play_no4
  C:2085H         PUBLIC        play_no5
  C:208DH         PUBLIC        play_no6
  C:2095H         PUBLIC        play_no7
  C:209DH         PUBLIC        play_no8
  C:20A5H         PUBLIC        play_no9
  C:203BH         PUBLIC        next_Time
  C:200BH         PUBLIC        play
  C:2059H         PUBLIC        total_time
  C:2035H         PUBLIC        pre_Time
  C:205FH         PUBLIC        song_name
  C:2041H         PUBLIC        play_status
  C:20B3H         SYMBOL        _?ix1000
  C:20BBH         SYMBOL        _?ix1001
  C:20C2H         SYMBOL        _?ix1002
  C:2017H         PUBLIC        stop
  C:2053H         PUBLIC        curr_time
  C:2047H         PUBLIC        VOL
  C:20ADH         PUBLIC        crrSort
  C:28F3H         PUBLIC        _SetVoiceN
  C:202FH         PUBLIC        VOL_Min
  C:2029H         PUBLIC        VOL_Plus
  -------         PROC          _PLAYSONGN
  X:021CH         SYMBOL        a
  -------         DO            
  X:021DH         SYMBOL        command
  -------         ENDDO         
  C:28C8H         LINE#         29
  C:28CDH         LINE#         30
  C:28E0H         LINE#         31
  C:28E8H         LINE#         32
  C:28ECH         LINE#         33
  C:28F2H         LINE#         34
  -------         ENDPROC       _PLAYSONGN
  -------         PROC          _SETVOICEN
  X:021CH         SYMBOL        a
  -------         DO            
  X:021DH         SYMBOL        command
  -------         ENDDO         
  C:28F3H         LINE#         35
  C:28F8H         LINE#         37
  C:290BH         LINE#         39
  C:2913H         LINE#         40
  C:2917H         LINE#         41
  C:291DH         LINE#         42
  -------         ENDPROC       _SETVOICEN
  -------         PROC          _SETMODEN
  X:021CH         SYMBOL        a
  -------         DO            
  X:021DH         SYMBOL        command
  -------         ENDDO         
  C:291EH         LINE#         43
  C:2923H         LINE#         44
BL51 BANKED LINKER/LOCATER V6.22                                                      12/28/2020  22:36:27  PAGE 24


  C:2936H         LINE#         45
  C:293EH         LINE#         46
  C:2942H         LINE#         47
  C:2948H         LINE#         48
  -------         ENDPROC       _SETMODEN
  -------         ENDMOD        MP3ORDER

  -------         MODULE        GPUUI
  C:0000H         SYMBOL        _ICE_DUMMY_
  D:0080H         PUBLIC        P0
  D:0090H         PUBLIC        P1
  D:00A0H         PUBLIC        P2
  D:00B0H         PUBLIC        P3
  D:00C0H         PUBLIC        P4
  D:00C8H         PUBLIC        P5
  D:00A8H         PUBLIC        IE
  D:00B8H         PUBLIC        IP
  D:00D8H         PUBLIC        CCON
  D:0098H         PUBLIC        SCON
  D:0088H         PUBLIC        TCON
  C:003EH         PUBLIC        _ProcessKEY_IR
  B:0080H.0       PUBLIC        SK_VCC
  D:00D0H         PUBLIC        PSW
  -------         PROC          _PROCESSKEY_IR
  X:021BH         SYMBOL        KEY_IR
  C:003EH         LINE#         12
  C:0043H         LINE#         13
  C:0048H         LINE#         15
  C:0071H         LINE#         16
  C:0071H         LINE#         17
  C:0077H         LINE#         21
  C:008FH         LINE#         22
  C:008FH         LINE#         23
  C:008FH         LINE#         24
  C:008FH         LINE#         25
  C:008FH         LINE#         26
  C:0091H         LINE#         27
  C:0091H         LINE#         28
  C:0091H         LINE#         29
  C:0091H         LINE#         30
  C:0093H         LINE#         31
  C:0093H         LINE#         32
  C:0093H         LINE#         33
  C:0093H         LINE#         34
  C:0095H         LINE#         35
  C:0095H         LINE#         36
  C:00AFH         LINE#         37
  C:00AFH         LINE#         38
  C:00AFH         LINE#         39
  C:00AFH         LINE#         40
  C:00AFH         LINE#         41
  C:00AFH         LINE#         44
  C:00AFH         LINE#         45
  C:00AFH         LINE#         46
  C:00AFH         LINE#         47
  C:00AFH         LINE#         48
  C:00AFH         LINE#         50
BL51 BANKED LINKER/LOCATER V6.22                                                      12/28/2020  22:36:27  PAGE 25


  C:00AFH         LINE#         51
  C:00AFH         LINE#         53
  C:00AFH         LINE#         54
  C:00AFH         LINE#         55
  C:00B2H         LINE#         56
  C:00B2H         LINE#         57
  C:00B2H         LINE#         58
  C:00B2H         LINE#         59
  C:00B2H         LINE#         60
  C:00B2H         LINE#         61
  C:00B2H         LINE#         62
  C:00B5H         LINE#         63
  C:00B5H         LINE#         64
  C:00B5H         LINE#         65
  C:00B5H         LINE#         66
  C:00B8H         LINE#         67
  C:00BEH         LINE#         68
  C:00C0H         LINE#         69
  C:00C6H         LINE#         70
  C:00C9H         LINE#         71
  C:00C9H         LINE#         72
  C:00C9H         LINE#         73
  C:00C9H         LINE#         74
  C:00CCH         LINE#         75
  C:00CCH         LINE#         76
  C:00CCH         LINE#         77
  C:00CCH         LINE#         78
  C:00CCH         LINE#         79
  C:00CCH         LINE#         80
  C:00CCH         LINE#         82
  C:00CFH         LINE#         83
  C:00CFH         LINE#         84
  C:00CFH         LINE#         85
  C:00CFH         LINE#         86
  C:00D2H         LINE#         87
  C:00D2H         LINE#         88
  C:00D2H         LINE#         89
  C:00D5H         LINE#         91
  C:00D5H         LINE#         92
  C:00D5H         LINE#         93
  C:00D5H         LINE#         94
  C:00D5H         LINE#         98
  C:00F1H         LINE#         99
  C:00F1H         LINE#         100
  C:00F1H         LINE#         101
  C:00F7H         LINE#         102
  C:00F7H         LINE#         103
  C:00F9H         LINE#         104
  C:00F9H         LINE#         105
  C:00FFH         LINE#         106
  C:00FFH         LINE#         107
  C:0101H         LINE#         108
  C:0101H         LINE#         109
  C:0116H         LINE#         110
  C:0116H         LINE#         111
  C:0119H         LINE#         112
  C:0119H         LINE#         113
BL51 BANKED LINKER/LOCATER V6.22                                                      12/28/2020  22:36:27  PAGE 26


  C:011FH         LINE#         114
  C:011FH         LINE#         115
  C:011FH         LINE#         116
  C:0122H         LINE#         117
  C:0122H         LINE#         118
  C:0133H         LINE#         119
  C:0137H         LINE#         120
  C:013AH         LINE#         122
  C:013AH         LINE#         123
  C:013DH         LINE#         124
  C:013DH         LINE#         125
  C:0163H         LINE#         126
  C:0169H         LINE#         127
  C:0177H         LINE#         128
  C:017FH         LINE#         129
  C:0184H         LINE#         130
  C:0189H         LINE#         133
  C:018EH         LINE#         134
  C:0193H         LINE#         135
  C:0198H         LINE#         136
  C:019DH         LINE#         137
  C:01A2H         LINE#         139
  C:01A7H         LINE#         140
  C:01AAH         LINE#         141
  C:01AFH         LINE#         142
  C:01B2H         LINE#         143
  C:01B5H         LINE#         144
  C:01BBH         LINE#         145
  C:01C9H         LINE#         146
  C:01D1H         LINE#         147
  C:01D9H         LINE#         148
  C:01DEH         LINE#         149
  C:01E6H         LINE#         150
  C:01E9H         LINE#         151
  C:01EFH         LINE#         152
  C:01FDH         LINE#         153
  C:0205H         LINE#         154
  C:0208H         LINE#         155
  C:020EH         LINE#         156
  C:0210H         LINE#         157
  C:0216H         LINE#         158
  C:0219H         LINE#         159
  C:0221H         LINE#         160
  C:0224H         LINE#         161
  C:0224H         LINE#         162
  C:0227H         LINE#         163
  C:022DH         LINE#         164
  C:0235H         LINE#         165
  C:023AH         LINE#         166
  C:023DH         LINE#         167
  C:023EH         LINE#         168
  C:023EH         LINE#         169
  C:0241H         LINE#         170
  C:0247H         LINE#         171
  C:0255H         LINE#         172
  C:0255H         LINE#         173
  C:0258H         LINE#         174
BL51 BANKED LINKER/LOCATER V6.22                                                      12/28/2020  22:36:27  PAGE 27


  C:025EH         LINE#         175
  C:026CH         LINE#         176
  C:026FH         LINE#         178
  C:026FH         LINE#         179
  C:026FH         LINE#         181
  C:026FH         LINE#         182
  C:026FH         LINE#         183
  C:026FH         LINE#         187
  C:026FH         LINE#         188
  C:0278H         LINE#         192
  C:02ACH         LINE#         193
  C:02ACH         LINE#         194
  C:02B3H         LINE#         195
  C:02BAH         LINE#         196
  C:02BDH         LINE#         197
  C:02C6H         LINE#         198
  C:02C8H         LINE#         199
  C:02CEH         LINE#         200
  C:02D3H         LINE#         201
  C:02D8H         LINE#         202
  C:02DCH         LINE#         203
  C:02DFH         LINE#         204
  C:02DFH         LINE#         205
  C:02E5H         LINE#         206
  C:02EFH         LINE#         207
  C:02EFH         LINE#         208
  C:02EFH         LINE#         209
  C:02EFH         LINE#         210
  C:02F2H         LINE#         211
  C:02F2H         LINE#         212
  C:02FCH         LINE#         213
  C:02FCH         LINE#         214
  C:02FCH         LINE#         215
  C:02FCH         LINE#         216
  C:02FFH         LINE#         217
  C:02FFH         LINE#         218
  C:0305H         LINE#         219
  C:030DH         LINE#         220
  C:0312H         LINE#         221
  C:031CH         LINE#         222
  C:031FH         LINE#         223
  C:031FH         LINE#         224
  C:0322H         LINE#         225
  C:0322H         LINE#         227
  C:0333H         LINE#         228
  C:033DH         LINE#         229
  C:033DH         LINE#         230
  C:033DH         LINE#         231
  C:033DH         LINE#         234
  C:0340H         LINE#         235
  C:0340H         LINE#         236
  C:034AH         LINE#         237
  C:034AH         LINE#         238
  C:034AH         LINE#         239
  C:034AH         LINE#         240
  C:034DH         LINE#         241
  C:034DH         LINE#         242
BL51 BANKED LINKER/LOCATER V6.22                                                      12/28/2020  22:36:27  PAGE 28


  C:0353H         LINE#         243
  C:035DH         LINE#         244
  C:035DH         LINE#         245
  C:035DH         LINE#         246
  C:035DH         LINE#         247
  C:0360H         LINE#         248
  C:0360H         LINE#         249
  C:036AH         LINE#         250
  C:036DH         LINE#         251
  C:0374H         LINE#         252
  C:037AH         LINE#         253
  C:037DH         LINE#         254
  C:0386H         LINE#         255
  C:038BH         LINE#         256
  C:0390H         LINE#         257
  C:0394H         LINE#         259
  C:0397H         LINE#         260
  C:0397H         LINE#         261
  C:039CH         LINE#         262
  C:03AAH         LINE#         263
  C:03ADH         LINE#         264
  C:03B6H         LINE#         265
  C:03BBH         LINE#         266
  C:03BEH         LINE#         267
  C:03BEH         LINE#         271
  C:03BEH         LINE#         275
  C:03F2H         LINE#         276
  C:03F2H         LINE#         277
  C:03F8H         LINE#         278
  C:0400H         LINE#         279
  C:0405H         LINE#         280
  C:0405H         LINE#         281
  C:0408H         LINE#         282
  C:0408H         LINE#         283
  C:0419H         LINE#         284
  C:041EH         LINE#         285
  C:041EH         LINE#         286
  C:041EH         LINE#         287
  C:0421H         LINE#         288
  C:0421H         LINE#         289
  C:0421H         LINE#         290
  C:0427H         LINE#         291
  C:0427H         LINE#         292
  C:0429H         LINE#         293
  C:0429H         LINE#         294
  C:0429H         LINE#         295
  C:0432H         LINE#         296
  C:0435H         LINE#         297
  C:0438H         LINE#         298
  C:0438H         LINE#         300
  C:0464H         LINE#         301
  C:0464H         LINE#         302
  C:0467H         LINE#         303
  C:046EH         LINE#         304
  C:0474H         LINE#         305
  C:0476H         LINE#         306
  C:047CH         LINE#         307
BL51 BANKED LINKER/LOCATER V6.22                                                      12/28/2020  22:36:27  PAGE 29


  C:0481H         LINE#         308
  C:0486H         LINE#         309
  C:048AH         LINE#         310
  C:048DH         LINE#         311
  C:048DH         LINE#         312
  C:0493H         LINE#         313
  C:049BH         LINE#         314
  C:04A1H         LINE#         315
  C:04A1H         LINE#         316
  C:04A3H         LINE#         317
  C:04A3H         LINE#         318
  C:04ABH         LINE#         319
  C:04B1H         LINE#         320
  C:04B1H         LINE#         321
  C:04B3H         LINE#         322
  C:04B3H         LINE#         323
  C:04B9H         LINE#         324
  C:04C1H         LINE#         325
  C:04C6H         LINE#         326
  C:04C9H         LINE#         327
  C:04D0H         LINE#         328
  C:04D0H         LINE#         329
  C:04E1H         LINE#         330
  C:04E9H         LINE#         331
  C:04EEH         LINE#         332
  C:04F0H         LINE#         334
  C:04F2H         LINE#         335
  C:04F2H         LINE#         336
  C:04FAH         LINE#         337
  C:0503H         LINE#         338
  C:0508H         LINE#         339
  C:050BH         LINE#         340
  C:050BH         LINE#         341
  C:0511H         LINE#         342
  C:0519H         LINE#         343
  C:0522H         LINE#         344
  C:0527H         LINE#         345
  C:052AH         LINE#         346
  C:052AH         LINE#         347
  C:0532H         LINE#         348
  C:0539H         LINE#         349
  C:053FH         LINE#         350
  C:0542H         LINE#         351
  C:054BH         LINE#         352
  C:0550H         LINE#         353
  C:0555H         LINE#         354
  C:055DH         LINE#         355
  C:0560H         LINE#         356
  C:0560H         LINE#         357
  C:0560H         LINE#         358
  C:0560H         LINE#         359
  C:0560H         LINE#         360
  C:0560H         LINE#         361
  C:0560H         LINE#         362
  C:0562H         LINE#         363
  C:0562H         LINE#         364
  C:0562H         LINE#         365
BL51 BANKED LINKER/LOCATER V6.22                                                      12/28/2020  22:36:27  PAGE 30


  C:0562H         LINE#         366
  C:0567H         LINE#         367
  C:0575H         LINE#         368
  C:057EH         LINE#         369
  C:0583H         LINE#         370
  C:0586H         LINE#         371
  C:0589H         LINE#         372
  C:0589H         LINE#         373
  C:0589H         LINE#         374
  C:0589H         LINE#         379
  C:0589H         LINE#         380
  C:0592H         LINE#         384
  C:05A8H         LINE#         385
  C:05A8H         LINE#         386
  C:05B1H         LINE#         387
  C:05B1H         LINE#         388
  C:05B4H         LINE#         389
  C:05B4H         LINE#         390
  C:05BCH         LINE#         391
  C:05BCH         LINE#         392
  C:05BFH         LINE#         393
  C:05BFH         LINE#         394
  C:05C7H         LINE#         395
  C:05CCH         LINE#         396
  C:05DAH         LINE#         397
  C:05DDH         LINE#         398
  C:05E6H         LINE#         399
  C:05ECH         LINE#         400
  C:05EFH         LINE#         401
  C:05F6H         LINE#         402
  C:05F9H         LINE#         403
  C:0600H         LINE#         404
  C:0603H         LINE#         405
  C:060EH         LINE#         406
  C:060EH         LINE#         407
  C:0611H         LINE#         408
  C:0611H         LINE#         409
  C:0616H         LINE#         410
  C:0624H         LINE#         411
  C:0627H         LINE#         412
  C:062BH         LINE#         413
  C:062EH         LINE#         414
  C:062EH         LINE#         415
  C:062EH         LINE#         419
  C:0662H         LINE#         420
  C:0662H         LINE#         421
  C:0668H         LINE#         422
  C:0668H         LINE#         423
  C:0668H         LINE#         424
  C:066BH         LINE#         425
  C:066BH         LINE#         426
  C:067CH         LINE#         427
  C:0680H         LINE#         428
  C:0683H         LINE#         430
  C:0683H         LINE#         431
  C:0686H         LINE#         432
  C:0686H         LINE#         433
BL51 BANKED LINKER/LOCATER V6.22                                                      12/28/2020  22:36:27  PAGE 31


  C:0686H         LINE#         434
  C:068FH         LINE#         435
  C:068FH         LINE#         436
  C:0691H         LINE#         437
  C:0691H         LINE#         438
  C:0691H         LINE#         439
  C:069AH         LINE#         440
  C:069DH         LINE#         441
  C:06A0H         LINE#         442
  C:06A0H         LINE#         443
  C:06A8H         LINE#         444
  C:06ADH         LINE#         445
  C:06BBH         LINE#         446
  C:06BEH         LINE#         447
  C:06C7H         LINE#         448
  C:06CDH         LINE#         449
  C:06D1H         LINE#         450
  C:06D8H         LINE#         451
  C:06DCH         LINE#         452
  C:06E3H         LINE#         453
  C:06E7H         LINE#         454
  C:06F2H         LINE#         455
  C:06F7H         LINE#         456
  C:06FAH         LINE#         457
  C:06FAH         LINE#         458
  C:06FFH         LINE#         459
  C:070DH         LINE#         460
  C:0710H         LINE#         461
  C:0714H         LINE#         462
  C:0717H         LINE#         463
  C:0717H         LINE#         464
  C:0717H         LINE#         465
  C:0717H         LINE#         469
  C:0717H         LINE#         470
  C:0720H         LINE#         474
  C:0739H         LINE#         475
  C:0739H         LINE#         476
  C:074CH         LINE#         477
  C:074CH         LINE#         478
  C:074FH         LINE#         479
  C:074FH         LINE#         480
  C:074FH         LINE#         481
  C:074FH         LINE#         482
  C:0752H         LINE#         483
  C:0752H         LINE#         484
  C:0759H         LINE#         485
  C:076CH         LINE#         486
  C:0771H         LINE#         487
  C:0782H         LINE#         488
  C:0784H         LINE#         489
  C:0789H         LINE#         490
  C:078EH         LINE#         491
  C:078EH         LINE#         492
  C:0790H         LINE#         494
  C:0799H         LINE#         495
  C:07A0H         LINE#         496
  C:07A4H         LINE#         497
BL51 BANKED LINKER/LOCATER V6.22                                                      12/28/2020  22:36:27  PAGE 32


  C:07A8H         LINE#         498
  C:07B0H         LINE#         499
  C:07B4H         LINE#         500
  C:07B9H         LINE#         501
  C:07B9H         LINE#         502
  C:07B9H         LINE#         503
  C:07BCH         LINE#         504
  C:07BCH         LINE#         505
  C:07C1H         LINE#         506
  C:07CFH         LINE#         507
  C:07D2H         LINE#         508
  C:07D6H         LINE#         509
  C:07D9H         LINE#         510
  C:07D9H         LINE#         511
  C:07D9H         LINE#         515
  C:080DH         LINE#         516
  C:080DH         LINE#         517
  C:0813H         LINE#         518
  C:0813H         LINE#         519
  C:0813H         LINE#         520
  C:0816H         LINE#         521
  C:0816H         LINE#         522
  C:0827H         LINE#         523
  C:082BH         LINE#         524
  C:082EH         LINE#         526
  C:082EH         LINE#         527
  C:0831H         LINE#         528
  C:0831H         LINE#         529
  C:0831H         LINE#         530
  C:0837H         LINE#         531
  C:0837H         LINE#         532
  C:0839H         LINE#         533
  C:0839H         LINE#         534
  C:0839H         LINE#         535
  C:084CH         LINE#         536
  C:084CH         LINE#         537
  C:084EH         LINE#         538
  C:084EH         LINE#         539
  C:0855H         LINE#         540
  C:0868H         LINE#         541
  C:086DH         LINE#         542
  C:087EH         LINE#         543
  C:0880H         LINE#         544
  C:0885H         LINE#         545
  C:088AH         LINE#         546
  C:088AH         LINE#         547
  C:088CH         LINE#         548
  C:088EH         LINE#         549
  C:0895H         LINE#         550
  C:089CH         LINE#         551
  C:08A0H         LINE#         552
  C:08A4H         LINE#         553
  C:08ACH         LINE#         554
  C:08B0H         LINE#         555
  C:08B5H         LINE#         556
  C:08B5H         LINE#         557
  C:08B8H         LINE#         558
BL51 BANKED LINKER/LOCATER V6.22                                                      12/28/2020  22:36:27  PAGE 33


  C:08BBH         LINE#         559
  C:08BBH         LINE#         560
  C:08C0H         LINE#         561
  C:08CEH         LINE#         562
  C:08D1H         LINE#         563
  C:08D5H         LINE#         564
  C:08D8H         LINE#         565
  C:08D8H         LINE#         566
  C:08D8H         LINE#         567
  C:08D8H         LINE#         569
  C:08D8H         LINE#         570
  C:08E1H         LINE#         574
  C:090AH         LINE#         575
  C:090AH         LINE#         576
  C:0910H         LINE#         577
  C:093CH         LINE#         578
  C:093FH         LINE#         579
  C:0947H         LINE#         580
  C:094DH         LINE#         582
  C:0960H         LINE#         583
  C:0960H         LINE#         584
  C:0960H         LINE#         585
  C:0963H         LINE#         586
  C:0963H         LINE#         587
  C:0969H         LINE#         588
  C:0992H         LINE#         589
  C:0994H         LINE#         590
  C:099CH         LINE#         591
  C:09A1H         LINE#         593
  C:09B4H         LINE#         594
  C:09B4H         LINE#         595
  C:09B4H         LINE#         596
  C:09B7H         LINE#         597
  C:09B7H         LINE#         598
  C:09B7H         LINE#         599
  C:09B7H         LINE#         600
  C:09B7H         LINE#         601
  C:09BAH         LINE#         602
  C:09BAH         LINE#         603
  C:09C2H         LINE#         604
  C:09C5H         LINE#         605
  C:09C8H         LINE#         606
  C:09C8H         LINE#         607
  C:09CDH         LINE#         608
  C:09DBH         LINE#         609
  C:09DEH         LINE#         610
  C:09E2H         LINE#         611
  C:09E5H         LINE#         612
  C:09E5H         LINE#         613
  C:09E5H         LINE#         617
  C:0A2BH         LINE#         618
  C:0A2BH         LINE#         619
  C:0A31H         LINE#         620
  C:0A31H         LINE#         621
  C:0A31H         LINE#         622
  C:0A34H         LINE#         623
  C:0A34H         LINE#         624
BL51 BANKED LINKER/LOCATER V6.22                                                      12/28/2020  22:36:27  PAGE 34


  C:0A45H         LINE#         625
  C:0A49H         LINE#         626
  C:0A4CH         LINE#         628
  C:0A4CH         LINE#         629
  C:0A4FH         LINE#         630
  C:0A4FH         LINE#         631
  C:0A55H         LINE#         632
  C:0A81H         LINE#         633
  C:0A83H         LINE#         634
  C:0A8BH         LINE#         635
  C:0A90H         LINE#         637
  C:0AA3H         LINE#         638
  C:0AA3H         LINE#         639
  C:0AA3H         LINE#         640
  C:0AA6H         LINE#         641
  C:0AA6H         LINE#         642
  C:0AA6H         LINE#         643
  C:0AAFH         LINE#         644
  C:0AB2H         LINE#         645
  C:0AB5H         LINE#         646
  C:0AB5H         LINE#         647
  C:0ABBH         LINE#         648
  C:0AE6H         LINE#         650
  C:0AEEH         LINE#         651
  C:0AF3H         LINE#         653
  C:0B06H         LINE#         654
  C:0B06H         LINE#         655
  C:0B09H         LINE#         656
  C:0B09H         LINE#         657
  C:0B0FH         LINE#         658
  C:0B1CH         LINE#         659
  C:0B1DH         LINE#         660
  C:0B1FH         LINE#         661
  C:0B29H         LINE#         662
  C:0B2EH         LINE#         663
  C:0B2EH         LINE#         664
  C:0B2EH         LINE#         665
  C:0B31H         LINE#         666
  C:0B31H         LINE#         667
  C:0B3AH         LINE#         668
  C:0B46H         LINE#         670
  C:0B51H         LINE#         671
  C:0B51H         LINE#         672
  C:0B54H         LINE#         673
  C:0B54H         LINE#         674
  C:0B5DH         LINE#         675
  C:0B69H         LINE#         677
  C:0B75H         LINE#         678
  C:0B75H         LINE#         679
  C:0B78H         LINE#         680
  C:0B78H         LINE#         681
  C:0B81H         LINE#         682
  C:0B8DH         LINE#         684
  C:0B99H         LINE#         685
  C:0B99H         LINE#         686
  C:0B9CH         LINE#         687
  C:0B9CH         LINE#         688
BL51 BANKED LINKER/LOCATER V6.22                                                      12/28/2020  22:36:27  PAGE 35


  C:0BA5H         LINE#         689
  C:0BB1H         LINE#         691
  C:0BBDH         LINE#         692
  C:0BBDH         LINE#         693
  C:0BC0H         LINE#         694
  C:0BC0H         LINE#         695
  C:0BC9H         LINE#         696
  C:0BD5H         LINE#         698
  C:0BE1H         LINE#         699
  C:0BE1H         LINE#         700
  C:0BE4H         LINE#         701
  C:0BE4H         LINE#         702
  C:0BEDH         LINE#         703
  C:0BF9H         LINE#         705
  C:0C05H         LINE#         706
  C:0C05H         LINE#         707
  C:0C07H         LINE#         708
  C:0C07H         LINE#         709
  C:0C10H         LINE#         710
  C:0C1CH         LINE#         712
  C:0C28H         LINE#         713
  C:0C28H         LINE#         714
  C:0C2AH         LINE#         715
  C:0C2AH         LINE#         716
  C:0C33H         LINE#         717
  C:0C3FH         LINE#         719
  C:0C4BH         LINE#         720
  C:0C4BH         LINE#         721
  C:0C4DH         LINE#         722
  C:0C4DH         LINE#         723
  C:0C56H         LINE#         724
  C:0C62H         LINE#         726
  C:0C6EH         LINE#         727
  C:0C76H         LINE#         728
  C:0C79H         LINE#         729
  C:0C79H         LINE#         730
  C:0C81H         LINE#         731
  C:0C87H         LINE#         732
  C:0C8AH         LINE#         733
  C:0C8AH         LINE#         734
  C:0C8FH         LINE#         735
  C:0C9DH         LINE#         736
  C:0CA0H         LINE#         737
  C:0CA4H         LINE#         738
  C:0CA6H         LINE#         739
  C:0CA6H         LINE#         740
  C:0CA6H         LINE#         741
  C:0CA6H         LINE#         743
  C:0CA6H         LINE#         744
  C:0CACH         LINE#         748
  C:0CB7H         LINE#         749
  C:0CBBH         LINE#         750
  C:0CC9H         LINE#         751
  C:0CCCH         LINE#         752
  C:0CD0H         LINE#         753
  C:0CD0H         LINE#         754
  C:0CD2H         LINE#         758
BL51 BANKED LINKER/LOCATER V6.22                                                      12/28/2020  22:36:27  PAGE 36


  C:0CDFH         LINE#         759
[...]
  C:2468H         LINE#         41
  -------         ENDPROC       GPUSTR_SETSORTANDNAME
  -------         PROC          _GPUSTR_SONGNUMREPAINT
  X:021CH         SYMBOL        a
  -------         DO            
  X:021DH         SYMBOL        command
  -------         ENDDO         
  C:26ACH         LINE#         42
  C:26B1H         LINE#         43
  C:26C4H         LINE#         44
  C:26D0H         LINE#         45
  C:26D6H         LINE#         46
  C:26D7H         LINE#         47
  C:26D9H         LINE#         48
  C:26E5H         LINE#         49
  C:26F0H         LINE#         50
  C:26F0H         LINE#         51
  C:26F6H         LINE#         52
  -------         ENDPROC       _GPUSTR_SONGNUMREPAINT
  -------         PROC          _GPUSTR_MENUSELECT
  X:021CH         SYMBOL        a
  -------         DO            
  X:021DH         SYMBOL        command
  -------         ENDDO         
  C:29C6H         LINE#         53
  C:29CBH         LINE#         54
  C:29DEH         LINE#         55
  C:29E6H         LINE#         56
  C:29ECH         LINE#         57
  -------         ENDPROC       _GPUSTR_MENUSELECT
BL51 BANKED LINKER/LOCATER V6.22                                                      12/28/2020  22:36:27  PAGE 38


  -------         PROC          _GPUSTR_CONFIGSELECT
  X:021CH         SYMBOL        a
  X:021DH         SYMBOL        b
  X:021EH         SYMBOL        c
  -------         DO            
  X:021FH         SYMBOL        command
  -------         ENDDO         
  C:256CH         LINE#         58
  C:2577H         LINE#         59
  C:258AH         LINE#         60
  C:2594H         LINE#         61
  C:259EH         LINE#         62
  C:25ADH         LINE#         63
  C:25B8H         LINE#         64
  C:25BEH         LINE#         65
  -------         ENDPROC       _GPUSTR_CONFIGSELECT
  -------         PROC          _GPUSTR_SELECTSELECT
  X:021CH         SYMBOL        a
  -------         DO            
  X:021DH         SYMBOL        command
  -------         ENDDO         
  C:2974H         LINE#         66
  C:2979H         LINE#         67
  C:298CH         LINE#         68
  C:2996H         LINE#         69
  C:299CH         LINE#         70
  -------         ENDPROC       _GPUSTR_SELECTSELECT
  -------         PROC          _GPUSTR_MODESELECT
  X:021CH         SYMBOL        a
  -------         DO            
  X:021DH         SYMBOL        command
  -------         ENDDO         
  C:299DH         LINE#         71
  C:29A2H         LINE#         72
  C:29B5H         LINE#         73
  C:29BFH         LINE#         74
  C:29C5H         LINE#         75
  -------         ENDPROC       _GPUSTR_MODESELECT
  -------         PROC          _GPUSTR_MENUSELECTSONGSORT
  X:021CH         SYMBOL        a
  -------         DO            
  X:021DH         SYMBOL        command
  -------         ENDDO         
  C:27BEH         LINE#         76
  C:27C3H         LINE#         77
  C:27D6H         LINE#         78
  C:27E5H         LINE#         79
  C:27F0H         LINE#         80
  C:27F6H         LINE#         81
  -------         ENDPROC       _GPUSTR_MENUSELECTSONGSORT
  -------         PROC          _GPUSTR_MAINICONSHOW
  D:0007H         SYMBOL        kind
  C:2A64H         LINE#         82
  C:2A64H         LINE#         83
  C:2A7AH         LINE#         84
  -------         ENDPROC       _GPUSTR_MAINICONSHOW
  -------         PROC          _GPUSTR_MENUPLAYSELECT
BL51 BANKED LINKER/LOCATER V6.22                                                      12/28/2020  22:36:27  PAGE 39


  D:0007H         SYMBOL        a
  C:2949H         LINE#         85
  C:2949H         LINE#         87
  C:294FH         LINE#         88
  C:295DH         LINE#         89
  C:295DH         LINE#         90
  C:2973H         LINE#         91
  C:2973H         LINE#         92
  -------         ENDPROC       _GPUSTR_MENUPLAYSELECT
  -------         PROC          GPUSTR_SETVOICE
  C:2865H         LINE#         93
  C:2865H         LINE#         94
  C:286CH         LINE#         95
  C:2873H         LINE#         96
  C:2873H         LINE#         97
  C:288DH         LINE#         98
  C:2891H         LINE#         99
  C:2895H         LINE#         100
  C:289BH         LINE#         101
  C:289BH         LINE#         103
  -------         ENDPROC       GPUSTR_SETVOICE
  -------         PROC          GPUSTR_SETTOTALSEC
  C:2393H         LINE#         104
  C:2393H         LINE#         105
  C:23B4H         LINE#         106
  C:23C4H         LINE#         107
  C:23E9H         LINE#         108
  C:23F9H         LINE#         109
  C:23FFH         LINE#         110
  -------         ENDPROC       GPUSTR_SETTOTALSEC
  -------         PROC          GPUSTR_SETCRRSEC
  -------         DO            
  D:0002H         SYMBOL        a
  -------         ENDDO         
  C:1D7DH         LINE#         112
  C:1D7DH         LINE#         114
  C:1D9EH         LINE#         115
  C:1DAEH         LINE#         116
  C:1DD3H         LINE#         117
  C:1DE3H         LINE#         119
  C:1E29H         LINE#         121
  C:1E37H         LINE#         122
  C:1E4EH         LINE#         123
  C:1E5EH         LINE#         124
  C:1E64H         LINE#         125
  -------         ENDPROC       GPUSTR_SETCRRSEC
  -------         ENDMOD        GPUORDER

  -------         MODULE        UART
  C:0000H         SYMBOL        _ICE_DUMMY_
  D:0080H         PUBLIC        P0
  D:0090H         PUBLIC        P1
  D:00A0H         PUBLIC        P2
  D:00B0H         PUBLIC        P3
  D:00C0H         PUBLIC        P4
  D:00C8H         PUBLIC        P5
  B:00A8H.7       PUBLIC        EA
BL51 BANKED LINKER/LOCATER V6.22                                                      12/28/2020  22:36:27  PAGE 40


  C:277DH         PUBLIC        uart_rx
  C:2AA5H         PUBLIC        _SendOrder
  D:00A8H         PUBLIC        IE
  C:2B2DH         PUBLIC        _Uart2_SendASC
  B:00A8H.4       PUBLIC        ES
  D:00B8H         PUBLIC        IP
  B:0098H.0       PUBLIC        RI
  B:0098H.1       PUBLIC        TI
  D:00D8H         PUBLIC        CCON
  D:0099H         PUBLIC        SBUF
  D:0098H         PUBLIC        SCON
  C:2A91H         PUBLIC        Uart_init
  D:0089H         PUBLIC        TMOD
  D:0088H         PUBLIC        TCON
  C:2AB9H         PUBLIC        _Uart2_SendOrder
  D:008EH         PUBLIC        AUXR
  D:008DH         PUBLIC        TH1
  B:0098H.7       PUBLIC        SM0
  B:0098H.6       PUBLIC        SM1
  D:008BH         PUBLIC        TL1
  B:0088H.6       PUBLIC        TR1
  D:009BH         PUBLIC        S2BUF
  C:2B6DH         PUBLIC        _SendASC
  B:0098H.4       PUBLIC        REN
  D:009AH         PUBLIC        S2CON
  C:2AEDH         PUBLIC        Uart2_init
  D:009CH         PUBLIC        BRT
  D:00D0H         PUBLIC        PSW
  -------         PROC          UART_INIT
  C:2A91H         LINE#         7
  C:2A91H         LINE#         8
  C:2A94H         LINE#         9
  C:2A97H         LINE#         10
  C:2A9AH         LINE#         11
  C:2A9CH         LINE#         12
  C:2A9EH         LINE#         13
  C:2AA0H         LINE#         14
  C:2AA2H         LINE#         15
  C:2AA4H         LINE#         16
  -------         ENDPROC       UART_INIT
  -------         PROC          UART_RX
  C:277DH         LINE#         17
  C:2788H         LINE#         18
  C:278AH         LINE#         19
  C:2796H         LINE#         20
  C:2798H         LINE#         21
  C:279DH         LINE#         22
  C:279FH         LINE#         23
  C:27B3H         LINE#         24
  C:27B3H         LINE#         25
  C:27B5H         LINE#         26
  -------         ENDPROC       UART_RX
  -------         PROC          _SENDASC
  D:0007H         SYMBOL        d
  C:2B6DH         LINE#         28
  C:2B6DH         LINE#         29
  C:2B6FH         LINE#         30
BL51 BANKED LINKER/LOCATER V6.22                                                      12/28/2020  22:36:27  PAGE 41


  C:2B72H         LINE#         31
  C:2B74H         LINE#         32
  -------         ENDPROC       _SENDASC
  -------         PROC          _SENDORDER
  D:0001H         SYMBOL        str
  C:2AA5H         LINE#         33
  C:2AA5H         LINE#         34
  C:2AACH         LINE#         35
  C:2AAFH         LINE#         36
  C:2AB6H         LINE#         37
  C:2AB8H         LINE#         38
  -------         ENDPROC       _SENDORDER
  -------         PROC          UART2_INIT
  C:2AEDH         LINE#         39
  C:2AEDH         LINE#         40
  C:2AF0H         LINE#         41
  C:2AF3H         LINE#         42
  C:2AF6H         LINE#         43
  C:2AF9H         LINE#         44
  C:2AFCH         LINE#         45
  -------         ENDPROC       UART2_INIT
  -------         PROC          _UART2_SENDASC
  D:0007H         SYMBOL        date
  C:2B2DH         LINE#         48
  C:2B2DH         LINE#         50
  C:2B2FH         LINE#         51
  C:2B34H         LINE#         52
  C:2B37H         LINE#         54
  -------         ENDPROC       _UART2_SENDASC
  -------         PROC          _UART2_SENDORDER
  D:0001H         SYMBOL        p
  C:2AB9H         LINE#         56
  C:2AB9H         LINE#         57
  C:2ABFH         LINE#         58
  C:2AC2H         LINE#         59
  C:2AC9H         LINE#         60
  C:2ACBH         LINE#         61
  -------         ENDPROC       _UART2_SENDORDER
  -------         ENDMOD        UART

  -------         MODULE        LED
  C:0000H         SYMBOL        _ICE_DUMMY_
  D:0080H         PUBLIC        P0
  X:0292H         PUBLIC        pwmSort
  D:0090H         PUBLIC        P1
  D:00A0H         PUBLIC        P2
  D:00B0H         PUBLIC        P3
  D:00C0H         PUBLIC        P4
  D:00C8H         PUBLIC        P5
  X:0293H         PUBLIC        pinOn
  B:0090H.5       PUBLIC        LED_R
  X:0294H         PUBLIC        GB
  D:00F9H         PUBLIC        CH
  D:00A8H         PUBLIC        IE
  D:00E9H         PUBLIC        CL
  D:00FBH         PUBLIC        CCAP1H
  X:0295H         PUBLIC        BR
BL51 BANKED LINKER/LOCATER V6.22                                                      12/28/2020  22:36:27  PAGE 42


  B:00D8H.6       PUBLIC        CR
  D:00EBH         PUBLIC        CCAP1L
  D:00DBH         PUBLIC        CCAPM1
  X:0296H         PUBLIC        RG
  D:00B8H         PUBLIC        IP
  X:0297H         PUBLIC        flag
  X:0298H         PUBLIC        value
  X:029AH         PUBLIC        pTimeOver
  X:029BH         PUBLIC        i8
  D:00D9H         PUBLIC        CMOD
  D:00D8H         PUBLIC        CCON
  B:00B8H.7       PUBLIC        PPCA
  X:029DH         PUBLIC        PWM_T
  D:0098H         PUBLIC        SCON
  D:0088H         PUBLIC        TCON
  C:1A36H         PUBLIC        MAIN_TIME
  X:029EH         PUBLIC        mainTime
  B:0090H.0       PUBLIC        LED_Power
  X:02A0H         PUBLIC        CrrLedMode
  X:02A1H         PUBLIC        powerOff
  B:0020H.2       PUBLIC        lightOn
  D:00B7H         PUBLIC        IPH
  X:02A2H         PUBLIC        pinOff
  X:02A3H         PUBLIC        pwmTime
  X:02A4H         PUBLIC        PWMTOver
  C:2177H         PUBLIC        Init_PWM
  X:02A5H         PUBLIC        powerOn
  C:1C43H         PUBLIC        shining
  X:02A6H         PUBLIC        shakeCNT
  B:0090H.7       PUBLIC        LED_B
  C:25BFH         PUBLIC        breath
  D:00D0H         PUBLIC        PSW
  X:02A8H         PUBLIC        redOnPause
  B:0090H.6       PUBLIC        LED_G
  B:00D8H.1       PUBLIC        CCF1
  -------         PROC          INIT_PWM
  C:2177H         LINE#         28
  C:2177H         LINE#         29
  C:2177H         LINE#         30
  C:217AH         LINE#         31
  C:217CH         LINE#         32
  C:217EH         LINE#         33
  C:2180H         LINE#         34
  C:2188H         LINE#         35
  C:2191H         LINE#         36
  C:2194H         LINE#         37
  C:219FH         LINE#         38
  C:21A2H         LINE#         39
  C:21A4H         LINE#         40
  C:21ABH         LINE#         42
  C:21ADH         LINE#         43
  C:21B0H         LINE#         45
  C:21B8H         LINE#         47
  C:21C9H         LINE#         51
  C:21DBH         LINE#         52
  C:21E9H         LINE#         53
  C:21F6H         LINE#         55
BL51 BANKED LINKER/LOCATER V6.22                                                      12/28/2020  22:36:27  PAGE 43


  C:220DH         LINE#         57
  -------         ENDPROC       INIT_PWM
  -------         PROC          MAIN_TIME
  C:1A36H         LINE#         59
  C:1A53H         LINE#         60
  C:1A55H         LINE#         61
  C:1A5EH         LINE#         62
  C:1A61H         LINE#         63
  C:1A6CH         LINE#         68
  C:1A73H         LINE#         69
  C:1A81H         LINE#         70
  C:1A8DH         LINE#         71
  C:1A94H         LINE#         72
  C:1AA8H         LINE#         73
  C:1AB8H         LINE#         74
  C:1AB8H         LINE#         75
  C:1ABEH         LINE#         77
  C:1ABEH         LINE#         78
  C:1AC4H         LINE#         79
  C:1AC4H         LINE#         80
  C:1AC4H         LINE#         83
  C:1ACAH         LINE#         84
  C:1AD8H         LINE#         85
  C:1AE4H         LINE#         86
  C:1AEBH         LINE#         87
  C:1AEFH         LINE#         88
  C:1AF4H         LINE#         89
  C:1AF4H         LINE#         90
  C:1AF4H         LINE#         93
  C:1B04H         LINE#         94
  C:1B09H         LINE#         95
  C:1B19H         LINE#         96
  C:1B2AH         LINE#         97
  C:1B2CH         LINE#         98
  C:1B3CH         LINE#         99
  C:1B3EH         LINE#         100
  C:1B46H         LINE#         101
  C:1B46H         LINE#         102
  C:1B4FH         LINE#         103
  C:1B52H         LINE#         104
  C:1B60H         LINE#         105
  C:1B74H         LINE#         106
  C:1B82H         LINE#         107
  C:1B88H         LINE#         108
  C:1B9AH         LINE#         109
  C:1B9AH         LINE#         110
  C:1B9AH         LINE#         111
  C:1BA0H         LINE#         112
  C:1BB2H         LINE#         118
  C:1BB4H         LINE#         119
  C:1BB6H         LINE#         120
  C:1BC6H         LINE#         121
  C:1BD1H         LINE#         122
  C:1BDAH         LINE#         123
  C:1BDFH         LINE#         124
  C:1BE7H         LINE#         125
  C:1BEDH         LINE#         126
BL51 BANKED LINKER/LOCATER V6.22                                                      12/28/2020  22:36:27  PAGE 44


  C:1BFFH         LINE#         127
  C:1BFFH         LINE#         128
  C:1C05H         LINE#         129
  C:1C0DH         LINE#         130
  C:1C17H         LINE#         131
  C:1C1CH         LINE#         132
  C:1C28H         LINE#         133
  C:1C28H         LINE#         134
  C:1C28H         LINE#         141
  -------         ENDPROC       MAIN_TIME
  -------         PROC          SHINING
  C:1C43H         LINE#         143
  C:1C43H         LINE#         144
  C:1C49H         LINE#         145
  C:1C4FH         LINE#         146
  C:1C5BH         LINE#         147
  C:1C5CH         LINE#         148
  C:1C5EH         LINE#         149
  C:1C60H         LINE#         151
  C:1C69H         LINE#         152
  C:1C6EH         LINE#         154
  C:1C71H         LINE#         155
  C:1C79H         LINE#         156
  C:1C83H         LINE#         157
  C:1C88H         LINE#         158
  C:1C92H         LINE#         161
  C:1C92H         LINE#         162
  C:1C96H         LINE#         163
  C:1C9CH         LINE#         164
  C:1C9CH         LINE#         165
  C:1CABH         LINE#         166
  C:1CADH         LINE#         167
  C:1CAFH         LINE#         168
  C:1CAFH         LINE#         169
  C:1CB6H         LINE#         170
  C:1CBCH         LINE#         171
  C:1CC8H         LINE#         172
  C:1CC9H         LINE#         173
  C:1CCBH         LINE#         174
  C:1CCDH         LINE#         176
  C:1CD6H         LINE#         177
  C:1CDBH         LINE#         179
  C:1CDEH         LINE#         180
  C:1CE6H         LINE#         181
  C:1CF0H         LINE#         182
  C:1CF5H         LINE#         183
  C:1CFAH         LINE#         186
  C:1CFAH         LINE#         187
  C:1CFEH         LINE#         188
  C:1D04H         LINE#         189
  C:1D04H         LINE#         190
  C:1D10H         LINE#         191
  C:1D12H         LINE#         192
  C:1D14H         LINE#         193
  C:1D14H         LINE#         194
  C:1D1BH         LINE#         195
  C:1D21H         LINE#         196
BL51 BANKED LINKER/LOCATER V6.22                                                      12/28/2020  22:36:27  PAGE 45


  C:1D2DH         LINE#         197
  C:1D2EH         LINE#         198
  C:1D30H         LINE#         199
  C:1D32H         LINE#         201
  C:1D3BH         LINE#         202
  C:1D40H         LINE#         204
  C:1D43H         LINE#         205
  C:1D4BH         LINE#         206
  C:1D55H         LINE#         207
  C:1D5AH         LINE#         208
  C:1D62H         LINE#         211
  C:1D62H         LINE#         212
  C:1D66H         LINE#         213
  C:1D6CH         LINE#         214
  C:1D6CH         LINE#         215
  C:1D78H         LINE#         216
  C:1D7AH         LINE#         217
  C:1D7CH         LINE#         218
  C:1D7CH         LINE#         219
  C:1D7CH         LINE#         220
  -------         ENDPROC       SHINING
  -------         PROC          BREATH
  C:25BFH         LINE#         222
  C:25BFH         LINE#         223
  C:25C5H         LINE#         224
  C:25D1H         LINE#         225
  C:25D2H         LINE#         226
  C:25D4H         LINE#         228
  C:25DDH         LINE#         229
  C:25E2H         LINE#         231
  C:25E5H         LINE#         232
  C:25EDH         LINE#         233
  C:25F4H         LINE#         234
  C:25FBH         LINE#         235
  C:2601H         LINE#         236
  C:2601H         LINE#         237
  C:260DH         LINE#         238
  C:260FH         LINE#         239
  C:260FH         LINE#         240
  -------         ENDPROC       BREATH
  -------         ENDMOD        LED

  -------         MODULE        ?C?FPADD
  C:0D60H         PUBLIC        ?C?FPADD
  C:0D5CH         PUBLIC        ?C?FPSUB
  -------         ENDMOD        ?C?FPADD

  -------         MODULE        ?C?FPMUL
  C:0E51H         PUBLIC        ?C?FPMUL
  -------         ENDMOD        ?C?FPMUL

  -------         MODULE        ?C?FPDIV
  C:0F5AH         PUBLIC        ?C?FPDIV
  -------         ENDMOD        ?C?FPDIV

  -------         MODULE        ?C?FCAST
  C:1001H         PUBLIC        ?C?FCASTC
BL51 BANKED LINKER/LOCATER V6.22                                                      12/28/2020  22:36:27  PAGE 46


  C:0FFCH         PUBLIC        ?C?FCASTI
  C:0FF7H         PUBLIC        ?C?FCASTL
  -------         ENDMOD        ?C?FCAST

  -------         MODULE        ?C?CASTF
  C:1035H         PUBLIC        ?C?CASTF
  -------         ENDMOD        ?C?CASTF

  -------         MODULE        ?C?COPY
  C:1186H         PUBLIC        ?C?COPY
  -------         ENDMOD        ?C?COPY

  -------         MODULE        ?C?CLDPTR
  C:11ACH         PUBLIC        ?C?CLDPTR
  -------         ENDMOD        ?C?CLDPTR

  -------         MODULE        ?C?IMUL
  C:11C5H         PUBLIC        ?C?IMUL
  -------         ENDMOD        ?C?IMUL

  -------         MODULE        ?C?UIDIV
  C:11D7H         PUBLIC        ?C?UIDIV
  -------         ENDMOD        ?C?UIDIV

  -------         MODULE        ?C?LNEG
  C:122CH         PUBLIC        ?C?LNEG
  -------         ENDMOD        ?C?LNEG

  -------         MODULE        ?C?CCASE
  C:123AH         PUBLIC        ?C?CCASE
  -------         ENDMOD        ?C?CCASE

Program Size: data=17.3 xdata=681 code=11133
LINK/LOCATE RUN COMPLETE.  0 WARNING(S),  0 ERROR(S)
