C51 COMPILER V9.54   MP3ORDER                                                              12/28/2020 22:36:27 PAGE 1   


C51 COMPILER V9.54, COMPILATION OF MODULE MP3ORDER
OBJECT MODULE PLACED IN mp3Order.OBJ
COMPILER INVOKED BY: D:\Program Files SSD\Keil5\C51\BIN\C51.EXE mp3Order.c LARGE OPTIMIZE(8,SPEED) BROWSE DEBUG OBJECTEX
                    -TEND TABS(2)

line level    source

   1          #include "mp3Order.h"
   2          #define uchar unsigned char
   3          uchar code play[6] = {0x7e,0x03,0x01,0x02,0xef,0xff};
   4          uchar code pause[6] = {0x7e,0x03,0x02,0x01,0xef,0xff};
   5          uchar code stop[6] = {0x7e,0x03,0x0e,0x0d,0xef,0xff};
   6          uchar code CH_Plus[6] = {0x7e,0x03,0x03,0x00,0xef,0xff};
   7          uchar code CH_Min[6]  = {0x7e,0x03,0x04,0x07,0xef,0xff};
   8          uchar code VOL_Plus[6] = {0x7e,0x03,0x05,0x06,0xef,0xff};
   9          uchar code VOL_Min[6] = {0x7e,0x03,0x06,0x05,0xef,0xff};
  10          uchar code pre_Time[6] = {0x7e,0x03,0x0b,0x08,0xef,0xff};
  11          uchar code next_Time[6] = {0x7e,0x03,0x0a,0x09,0xef,0xff};
  12          uchar code play_status[6] = {0x7e,0x03,0x10,0x13,0xef,0xff};//0=stop 1=play 2=pause 3=next_Time 4=pre_Time
  13          uchar code VOL[6] = {0x7e,0x03,0x11,0x12,0xef,0xff};//0~30
  14          uchar code tf_file_num[6] = {0x7e,0x03,0x15,0x16,0xef,0xff};//file number of TF card
  15          uchar code curr_time[6] = {0x7e,0x03,0x1c,0x1f,0xef,0xff};//current time of the song
  16          uchar code total_time[6] = {0x7e,0x03,0x1d,0x1e,0xef,0xff};//total time of the song
  17          uchar code song_name[6] = {0x7e,0x03,0x1e,0x1d,0xef,0xff};//name of the song
  18          uchar code play_no1[8]={0x7e,0x05,0x41,0x00,0x01,0x45,0xef,0xff};
  19          uchar code play_no2[8]={0x7e,0x05,0x41,0x00,0x02,0x46,0xef,0xff};
  20          uchar code play_no3[8]={0x7e,0x05,0x41,0x00,0x03,0x47,0xef,0xff};
  21          uchar code play_no4[8]={0x7e,0x05,0x41,0x00,0x04,0x40,0xef,0xff};
  22          uchar code play_no5[8]={0x7e,0x05,0x41,0x00,0x05,0x41,0xef,0xff};
  23          uchar code play_no6[8]={0x7e,0x05,0x41,0x00,0x06,0x42,0xef,0xff};
  24          uchar code play_no7[8]={0x7e,0x05,0x41,0x00,0x07,0x43,0xef,0xff};
  25          uchar code play_no8[8]={0x7e,0x05,0x41,0x00,0x08,0x4c,0xef,0xff};
  26          uchar code play_no9[8]={0x7e,0x05,0x41,0x00,0x09,0x4d,0xef,0xff};
  27          uchar code crrSort[6] = {0x7e,0x03,0x19,0x1a,0xef,0xff};
  28          
  29          unsigned char* PlaySongN (unsigned char a){
  30   1        uchar command[] = {0x7e,0x05,0x41,0x00,0x01,0x45,0xef,0xff};
  31   1        command[4]=a;
  32   1        command[5]=0x05^0x41^0x00^a;
  33   1        return command;
  34   1      }
  35          unsigned char* SetVoiceN (unsigned char a){
  36   1        //uchar command[7] = {0x7e,0x04,0x31,0x00,0x00,0xef,0xff};
  37   1        uchar  command[]={0x7e,0x04,0x31,0x03,0x36,0xef,0xff};
  38   1      
  39   1        command[3]=a;
  40   1        command[4]=0x04^0x31^a;
  41   1        return command;
  42   1      }
  43          unsigned char* SetModeN (unsigned char a){
  44   1        uchar command[] = {0x7e,0x04,0x33,0x00,0x00,0xef,0xff};
  45   1        command[3]=a;
  46   1        command[4]=0x04^0x33^a;
  47   1        return command;
  48   1      }


MODULE INFORMATION:   STATIC OVERLAYABLE
   CODE SIZE        =    129    ----
   CONSTANT SIZE    =    190    ----
   XDATA SIZE       =   ----      25
C51 COMPILER V9.54   MP3ORDER                                                              12/28/2020 22:36:27 PAGE 2   

   PDATA SIZE       =   ----    ----
   DATA SIZE        =   ----    ----
   IDATA SIZE       =   ----    ----
   BIT SIZE         =   ----    ----
END OF MODULE INFORMATION.


C51 COMPILATION COMPLETE.  0 WARNING(S),  0 ERROR(S)
